AR generic_syncram_2p_reg behav /home/nuno/repos/pdp/grlib-gpl-1.1.0-b4104/lib/techmap/inferred/memory_inferred.vhd sub00/vhpl33 1371129769
AR clkgen_spartan3 struct /home/nuno/repos/pdp/grlib-gpl-1.1.0-b4104/lib/techmap/unisim/clkgen_unisim.vhd sub00/vhpl95 1371129831
AR unisim_clkpad rtl /home/nuno/repos/pdp/grlib-gpl-1.1.0-b4104/lib/techmap/unisim/pads_unisim.vhd sub00/vhpl13 1371129749
EN generic_syncram_2p_reg NULL /home/nuno/repos/pdp/grlib-gpl-1.1.0-b4104/lib/techmap/inferred/memory_inferred.vhd sub00/vhpl32 1371129768
AR unisim_skew_outpad rtl /home/nuno/repos/pdp/grlib-gpl-1.1.0-b4104/lib/techmap/unisim/pads_unisim.vhd sub00/vhpl11 1371129747
AR regfile_3p rtl /home/nuno/repos/pdp/grlib-gpl-1.1.0-b4104/lib/techmap/maps/regfile_3p.vhd sub01/vhpl149 1371129885
AR oddrc3e rtl /home/nuno/repos/pdp/grlib-gpl-1.1.0-b4104/lib/techmap/unisim/ddr_unisim.vhd sub00/vhpl50 1371129786
EN grmux2 NULL /home/nuno/repos/pdp/grlib-gpl-1.1.0-b4104/lib/techmap/maps/grgates.vhd sub00/vhpl70 1371129806
EN iopad_dsv NULL /home/nuno/repos/pdp/grlib-gpl-1.1.0-b4104/lib/techmap/maps/iopad_ds.vhd sub00/vhpl59 1371129795
AR virtex6_tap rtl /home/nuno/repos/pdp/grlib-gpl-1.1.0-b4104/lib/techmap/unisim/tap_unisim.vhd sub01/vhpl114 1371129850
AR clkpad rtl /home/nuno/repos/pdp/grlib-gpl-1.1.0-b4104/lib/techmap/maps/clkpad.vhd sub00/vhpl56 1371129792
EN iopadvv NULL /home/nuno/repos/pdp/grlib-gpl-1.1.0-b4104/lib/techmap/maps/iopad.vhd sub00/vhpl67 1371129803
EN gen_ddr_phy_reg NULL /home/nuno/repos/pdp/grlib-gpl-1.1.0-b4104/lib/techmap/inferred/ddr_phy_inferred.vhd sub01/vhpl123 1371129859
AR ddrphy rtl /home/nuno/repos/pdp/grlib-gpl-1.1.0-b4104/lib/techmap/maps/ddrphy.vhd sub01/vhpl155 1371129891
AR unisim_inpad_ds rtl /home/nuno/repos/pdp/grlib-gpl-1.1.0-b4104/lib/techmap/unisim/pads_unisim.vhd sub00/vhpl15 1371129751
AR virtex5_tap rtl /home/nuno/repos/pdp/grlib-gpl-1.1.0-b4104/lib/techmap/unisim/tap_unisim.vhd sub01/vhpl112 1371129848
EN unisim_syncram NULL /home/nuno/repos/pdp/grlib-gpl-1.1.0-b4104/lib/techmap/unisim/memory_unisim.vhd sub00/vhpl76 1371129812
EN virtex4_inpad_ds NULL /home/nuno/repos/pdp/grlib-gpl-1.1.0-b4104/lib/techmap/unisim/pads_unisim.vhd sub00/vhpl18 1371129754
AR unisim_iopad rtl /home/nuno/repos/pdp/grlib-gpl-1.1.0-b4104/lib/techmap/unisim/pads_unisim.vhd sub00/vhpl05 1371129741
AR spartan3a_ddr2_phy rtl /home/nuno/repos/pdp/grlib-gpl-1.1.0-b4104/lib/techmap/unisim/ddr_phy_unisim.vhd sub01/vhpl137 1371129873
AR unisim_oddr_reg rtl /home/nuno/repos/pdp/grlib-gpl-1.1.0-b4104/lib/techmap/unisim/ddr_unisim.vhd sub00/vhpl46 1371129782
AR virtex4_clkpad_ds rtl /home/nuno/repos/pdp/grlib-gpl-1.1.0-b4104/lib/techmap/unisim/pads_unisim.vhd sub00/vhpl21 1371129757
AR virtex4_tap rtl /home/nuno/repos/pdp/grlib-gpl-1.1.0-b4104/lib/techmap/unisim/tap_unisim.vhd sub01/vhpl110 1371129846
EN tap NULL /home/nuno/repos/pdp/grlib-gpl-1.1.0-b4104/lib/techmap/maps/tap.vhd sub01/vhpl161 1371129897
EN virtex6_tap NULL /home/nuno/repos/pdp/grlib-gpl-1.1.0-b4104/lib/techmap/unisim/tap_unisim.vhd sub01/vhpl113 1371129849
AR spartan3e_ddr_phy rtl /home/nuno/repos/pdp/grlib-gpl-1.1.0-b4104/lib/techmap/unisim/ddr_phy_unisim.vhd sub01/vhpl133 1371129869
EN clkbuf_xilinx NULL /home/nuno/repos/pdp/grlib-gpl-1.1.0-b4104/lib/techmap/unisim/buffer_unisim.vhd sub00/vhpl39 1371129775
AR virtex4_ddr_phy rtl /home/nuno/repos/pdp/grlib-gpl-1.1.0-b4104/lib/techmap/unisim/ddr_phy_unisim.vhd sub01/vhpl129 1371129865
AR virtex4_inpad_ds rtl /home/nuno/repos/pdp/grlib-gpl-1.1.0-b4104/lib/techmap/unisim/pads_unisim.vhd sub00/vhpl19 1371129755
AR ddr2phy rtl /home/nuno/repos/pdp/grlib-gpl-1.1.0-b4104/lib/techmap/maps/ddrphy.vhd sub01/vhpl157 1371129893
PH allclkgen NULL /home/nuno/repos/pdp/grlib-gpl-1.1.0-b4104/lib/techmap/maps/allclkgen.vhd sub00/vhpl38 1371129774
EN virtex2_tap NULL /home/nuno/repos/pdp/grlib-gpl-1.1.0-b4104/lib/techmap/unisim/tap_unisim.vhd sub01/vhpl105 1371129841
AR unisim_iopad_ds rtl /home/nuno/repos/pdp/grlib-gpl-1.1.0-b4104/lib/techmap/unisim/pads_unisim.vhd sub00/vhpl23 1371129759
EN spartan3_tap NULL /home/nuno/repos/pdp/grlib-gpl-1.1.0-b4104/lib/techmap/unisim/tap_unisim.vhd sub01/vhpl107 1371129843
AR iopad_dsvv rtl /home/nuno/repos/pdp/grlib-gpl-1.1.0-b4104/lib/techmap/maps/iopad_ds.vhd sub00/vhpl62 1371129798
AR syncram64 rtl /home/nuno/repos/pdp/grlib-gpl-1.1.0-b4104/lib/techmap/maps/syncram64.vhd sub01/vhpl145 1371129881
AR clkand rtl /home/nuno/repos/pdp/grlib-gpl-1.1.0-b4104/lib/techmap/maps/clkand.vhd sub01/vhpl159 1371129895
EN clkmul_virtex2 NULL /home/nuno/repos/pdp/grlib-gpl-1.1.0-b4104/lib/techmap/unisim/clkgen_unisim.vhd sub00/vhpl92 1371129828
EN clkmux_unisim NULL /home/nuno/repos/pdp/grlib-gpl-1.1.0-b4104/lib/techmap/unisim/clkgen_unisim.vhd sub01/vhpl100 1371129836
AR virtex2_tap rtl /home/nuno/repos/pdp/grlib-gpl-1.1.0-b4104/lib/techmap/unisim/tap_unisim.vhd sub01/vhpl106 1371129842
AR unisim_toutpad rtl /home/nuno/repos/pdp/grlib-gpl-1.1.0-b4104/lib/techmap/unisim/pads_unisim.vhd sub00/vhpl09 1371129745
PH gencomp NULL /home/nuno/repos/pdp/grlib-gpl-1.1.0-b4104/lib/techmap/gencomp/gencomp.vhd sub00/vhpl00 1371129736
AR syncram_2p rtl /home/nuno/repos/pdp/grlib-gpl-1.1.0-b4104/lib/techmap/maps/syncram_2p.vhd sub01/vhpl141 1371129877
EN virtex4_clkpad_ds NULL /home/nuno/repos/pdp/grlib-gpl-1.1.0-b4104/lib/techmap/unisim/pads_unisim.vhd sub00/vhpl20 1371129756
AR generic_syncram_reg behavioral /home/nuno/repos/pdp/grlib-gpl-1.1.0-b4104/lib/techmap/inferred/memory_inferred.vhd sub00/vhpl29 1371129765
AR spartan6_ddr2_phy rtl /home/nuno/repos/pdp/grlib-gpl-1.1.0-b4104/lib/techmap/unisim/ddr_phy_unisim.vhd sub01/vhpl139 1371129875
EN unisim_clkpad_ds NULL /home/nuno/repos/pdp/grlib-gpl-1.1.0-b4104/lib/techmap/unisim/pads_unisim.vhd sub00/vhpl16 1371129752
AR generic_syncram_2p behav /home/nuno/repos/pdp/grlib-gpl-1.1.0-b4104/lib/techmap/inferred/memory_inferred.vhd sub00/vhpl31 1371129767
AR clkgen struct /home/nuno/repos/pdp/grlib-gpl-1.1.0-b4104/lib/techmap/maps/clkgen.vhd sub01/vhpl168 1371129904
EN unisim_iddr_reg NULL /home/nuno/repos/pdp/grlib-gpl-1.1.0-b4104/lib/techmap/unisim/ddr_unisim.vhd sub00/vhpl43 1371129779
EN grfpw_net NULL /home/nuno/repos/pdp/grlib-gpl-1.1.0-b4104/lib/techmap/maps/grfpw_net.vhd sub01/vhpl152 1371129888
EN unisim_clkpad NULL /home/nuno/repos/pdp/grlib-gpl-1.1.0-b4104/lib/techmap/unisim/pads_unisim.vhd sub00/vhpl12 1371129748
AR gen_ddr_phy_oreg rtl /home/nuno/repos/pdp/grlib-gpl-1.1.0-b4104/lib/techmap/inferred/ddr_phy_inferred.vhd sub01/vhpl120 1371129856
AR clkbuf_xilinx rtl /home/nuno/repos/pdp/grlib-gpl-1.1.0-b4104/lib/techmap/unisim/buffer_unisim.vhd sub00/vhpl40 1371129776
AR unisim_iddr_reg rtl /home/nuno/repos/pdp/grlib-gpl-1.1.0-b4104/lib/techmap/unisim/ddr_unisim.vhd sub00/vhpl44 1371129780
AR grfpw_net rtl /home/nuno/repos/pdp/grlib-gpl-1.1.0-b4104/lib/techmap/maps/grfpw_net.vhd sub01/vhpl153 1371129889
AR unisim_inpad rtl /home/nuno/repos/pdp/grlib-gpl-1.1.0-b4104/lib/techmap/unisim/pads_unisim.vhd sub00/vhpl03 1371129739
EN unisim_syncram128 NULL /home/nuno/repos/pdp/grlib-gpl-1.1.0-b4104/lib/techmap/unisim/memory_unisim.vhd sub00/vhpl84 1371129820
EN generic_syncram_reg NULL /home/nuno/repos/pdp/grlib-gpl-1.1.0-b4104/lib/techmap/inferred/memory_inferred.vhd sub00/vhpl28 1371129764
AR iopad rtl /home/nuno/repos/pdp/grlib-gpl-1.1.0-b4104/lib/techmap/maps/iopad.vhd sub00/vhpl64 1371129800
AR unisim_syncram64 behav /home/nuno/repos/pdp/grlib-gpl-1.1.0-b4104/lib/techmap/unisim/memory_unisim.vhd sub00/vhpl83 1371129819
AR outpadv rtl /home/nuno/repos/pdp/grlib-gpl-1.1.0-b4104/lib/techmap/maps/outpad.vhd sub00/vhpl54 1371129790
AR iopadv rtl /home/nuno/repos/pdp/grlib-gpl-1.1.0-b4104/lib/techmap/maps/iopad.vhd sub00/vhpl66 1371129802
AR spartan6_tap rtl /home/nuno/repos/pdp/grlib-gpl-1.1.0-b4104/lib/techmap/unisim/tap_unisim.vhd sub01/vhpl116 1371129852
AR clkgen_virtex5 struct /home/nuno/repos/pdp/grlib-gpl-1.1.0-b4104/lib/techmap/unisim/clkgen_unisim.vhd sub00/vhpl97 1371129833
EN unisim_inpad NULL /home/nuno/repos/pdp/grlib-gpl-1.1.0-b4104/lib/techmap/unisim/pads_unisim.vhd sub00/vhpl02 1371129738
PH netcomp NULL /home/nuno/repos/pdp/grlib-gpl-1.1.0-b4104/lib/techmap/gencomp/netcomp.vhd sub01/vhpl160 1371129896
AR inpadv rtl /home/nuno/repos/pdp/grlib-gpl-1.1.0-b4104/lib/techmap/maps/inpad.vhd sub01/vhpl166 1371129902
AR clkand_unisim rtl /home/nuno/repos/pdp/grlib-gpl-1.1.0-b4104/lib/techmap/unisim/clkgen_unisim.vhd sub00/vhpl99 1371129835
AR techbuf rtl /home/nuno/repos/pdp/grlib-gpl-1.1.0-b4104/lib/techmap/maps/techbuf.vhd sub01/vhpl118 1371129854
EN clkmux_xilinx NULL /home/nuno/repos/pdp/grlib-gpl-1.1.0-b4104/lib/techmap/unisim/buffer_unisim.vhd sub00/vhpl41 1371129777
EN grlfpw_net NULL /home/nuno/repos/pdp/grlib-gpl-1.1.0-b4104/lib/techmap/maps/grlfpw_net.vhd sub01/vhpl150 1371129886
AR virtex5_ddr2_phy rtl /home/nuno/repos/pdp/grlib-gpl-1.1.0-b4104/lib/techmap/unisim/ddr_phy_unisim.vhd sub01/vhpl135 1371129871
PH alltap NULL /home/nuno/repos/pdp/grlib-gpl-1.1.0-b4104/lib/techmap/maps/alltap.vhd sub01/vhpl102 1371129838
EN ddr2phy NULL /home/nuno/repos/pdp/grlib-gpl-1.1.0-b4104/lib/techmap/maps/ddrphy.vhd sub01/vhpl156 1371129892
PH allddr NULL /home/nuno/repos/pdp/grlib-gpl-1.1.0-b4104/lib/techmap/maps/allddr.vhd sub01/vhpl127 1371129863
AR iopadvv rtl /home/nuno/repos/pdp/grlib-gpl-1.1.0-b4104/lib/techmap/maps/iopad.vhd sub00/vhpl68 1371129804
EN clkgen_spartan3 NULL /home/nuno/repos/pdp/grlib-gpl-1.1.0-b4104/lib/techmap/unisim/clkgen_unisim.vhd sub00/vhpl94 1371129830
AR spartan3_tap rtl /home/nuno/repos/pdp/grlib-gpl-1.1.0-b4104/lib/techmap/unisim/tap_unisim.vhd sub01/vhpl108 1371129844
AR syncram rtl /home/nuno/repos/pdp/grlib-gpl-1.1.0-b4104/lib/techmap/maps/syncram.vhd sub01/vhpl143 1371129879
EN iopad NULL /home/nuno/repos/pdp/grlib-gpl-1.1.0-b4104/lib/techmap/maps/iopad.vhd sub00/vhpl63 1371129799
EN clkgen_virtex2 NULL /home/nuno/repos/pdp/grlib-gpl-1.1.0-b4104/lib/techmap/unisim/clkgen_unisim.vhd sub00/vhpl88 1371129824
AR virtex2_ddr_phy rtl /home/nuno/repos/pdp/grlib-gpl-1.1.0-b4104/lib/techmap/unisim/ddr_phy_unisim.vhd sub01/vhpl131 1371129867
AR iopad_dsv rtl /home/nuno/repos/pdp/grlib-gpl-1.1.0-b4104/lib/techmap/maps/iopad_ds.vhd sub00/vhpl60 1371129796
EN clkgen_virtex5 NULL /home/nuno/repos/pdp/grlib-gpl-1.1.0-b4104/lib/techmap/unisim/clkgen_unisim.vhd sub00/vhpl96 1371129832
EN iopad_ds NULL /home/nuno/repos/pdp/grlib-gpl-1.1.0-b4104/lib/techmap/maps/iopad_ds.vhd sub00/vhpl57 1371129793
EN unisim_toutpad NULL /home/nuno/repos/pdp/grlib-gpl-1.1.0-b4104/lib/techmap/unisim/pads_unisim.vhd sub00/vhpl08 1371129744
AR gen_ddr_phy_ireg rtl /home/nuno/repos/pdp/grlib-gpl-1.1.0-b4104/lib/techmap/inferred/ddr_phy_inferred.vhd sub01/vhpl122 1371129858
AR inpad rtl /home/nuno/repos/pdp/grlib-gpl-1.1.0-b4104/lib/techmap/maps/inpad.vhd sub01/vhpl164 1371129900
AR unisim_syncram_dp behav /home/nuno/repos/pdp/grlib-gpl-1.1.0-b4104/lib/techmap/unisim/memory_unisim.vhd sub00/vhpl79 1371129815
EN unisim_outpad NULL /home/nuno/repos/pdp/grlib-gpl-1.1.0-b4104/lib/techmap/unisim/pads_unisim.vhd sub00/vhpl06 1371129742
EN unisim_syncram128bw NULL /home/nuno/repos/pdp/grlib-gpl-1.1.0-b4104/lib/techmap/unisim/memory_unisim.vhd sub00/vhpl86 1371129822
EN unisim_syncram_2p NULL /home/nuno/repos/pdp/grlib-gpl-1.1.0-b4104/lib/techmap/unisim/memory_unisim.vhd sub00/vhpl80 1371129816
EN clkgen NULL /home/nuno/repos/pdp/grlib-gpl-1.1.0-b4104/lib/techmap/maps/clkgen.vhd sub01/vhpl167 1371129903
EN unisim_outpad_ds NULL /home/nuno/repos/pdp/grlib-gpl-1.1.0-b4104/lib/techmap/unisim/pads_unisim.vhd sub00/vhpl24 1371129760
AR generic_ddr_phy rtl /home/nuno/repos/pdp/grlib-gpl-1.1.0-b4104/lib/techmap/inferred/ddr_phy_inferred.vhd sub01/vhpl126 1371129862
EN clkpad NULL /home/nuno/repos/pdp/grlib-gpl-1.1.0-b4104/lib/techmap/maps/clkpad.vhd sub00/vhpl55 1371129791
AR unisim_syncram behav /home/nuno/repos/pdp/grlib-gpl-1.1.0-b4104/lib/techmap/unisim/memory_unisim.vhd sub00/vhpl77 1371129813
EN unisim_skew_outpad NULL /home/nuno/repos/pdp/grlib-gpl-1.1.0-b4104/lib/techmap/unisim/pads_unisim.vhd sub00/vhpl10 1371129746
EN regfile_3p NULL /home/nuno/repos/pdp/grlib-gpl-1.1.0-b4104/lib/techmap/maps/regfile_3p.vhd sub01/vhpl148 1371129884
PH allmem NULL /home/nuno/repos/pdp/grlib-gpl-1.1.0-b4104/lib/techmap/maps/allmem.vhd sub00/vhpl69 1371129805
EN gen_ddr_phy_oreg NULL /home/nuno/repos/pdp/grlib-gpl-1.1.0-b4104/lib/techmap/inferred/ddr_phy_inferred.vhd sub01/vhpl119 1371129855
EN syncram_2p NULL /home/nuno/repos/pdp/grlib-gpl-1.1.0-b4104/lib/techmap/maps/syncram_2p.vhd sub01/vhpl140 1371129876
EN syncram NULL /home/nuno/repos/pdp/grlib-gpl-1.1.0-b4104/lib/techmap/maps/syncram.vhd sub01/vhpl142 1371129878
EN virtex5_ddr2_phy NULL /home/nuno/repos/pdp/grlib-gpl-1.1.0-b4104/lib/techmap/unisim/ddr_phy_unisim.vhd sub01/vhpl134 1371129870
AR unisim_outpad rtl /home/nuno/repos/pdp/grlib-gpl-1.1.0-b4104/lib/techmap/unisim/pads_unisim.vhd sub00/vhpl07 1371129743
AR virtex_syncram behav /home/nuno/repos/pdp/grlib-gpl-1.1.0-b4104/lib/techmap/unisim/memory_unisim.vhd sub00/vhpl73 1371129809
EN virtex4_tap NULL /home/nuno/repos/pdp/grlib-gpl-1.1.0-b4104/lib/techmap/unisim/tap_unisim.vhd sub01/vhpl109 1371129845
EN inpadv NULL /home/nuno/repos/pdp/grlib-gpl-1.1.0-b4104/lib/techmap/maps/inpad.vhd sub01/vhpl165 1371129901
AR oddrv2 rtl /home/nuno/repos/pdp/grlib-gpl-1.1.0-b4104/lib/techmap/unisim/ddr_unisim.vhd sub00/vhpl48 1371129784
AR gen_ddr_phy_reg rtl /home/nuno/repos/pdp/grlib-gpl-1.1.0-b4104/lib/techmap/inferred/ddr_phy_inferred.vhd sub01/vhpl124 1371129860
EN ddrphy NULL /home/nuno/repos/pdp/grlib-gpl-1.1.0-b4104/lib/techmap/maps/ddrphy.vhd sub01/vhpl154 1371129890
AR generic_regfile_3p rtl /home/nuno/repos/pdp/grlib-gpl-1.1.0-b4104/lib/techmap/inferred/memory_inferred.vhd sub00/vhpl35 1371129771
AR outpad rtl /home/nuno/repos/pdp/grlib-gpl-1.1.0-b4104/lib/techmap/maps/outpad.vhd sub00/vhpl52 1371129788
EN gen_ddr_phy_ireg NULL /home/nuno/repos/pdp/grlib-gpl-1.1.0-b4104/lib/techmap/inferred/ddr_phy_inferred.vhd sub01/vhpl121 1371129857
EN virtex_syncram NULL /home/nuno/repos/pdp/grlib-gpl-1.1.0-b4104/lib/techmap/unisim/memory_unisim.vhd sub00/vhpl72 1371129808
PH allpads NULL /home/nuno/repos/pdp/grlib-gpl-1.1.0-b4104/lib/techmap/maps/allpads.vhd sub00/vhpl01 1371129737
AR generic_syncram behavioral /home/nuno/repos/pdp/grlib-gpl-1.1.0-b4104/lib/techmap/inferred/memory_inferred.vhd sub00/vhpl27 1371129763
EN generic_regfile_3p NULL /home/nuno/repos/pdp/grlib-gpl-1.1.0-b4104/lib/techmap/inferred/memory_inferred.vhd sub00/vhpl34 1371129770
AR iopad_ds rtl /home/nuno/repos/pdp/grlib-gpl-1.1.0-b4104/lib/techmap/maps/iopad_ds.vhd sub00/vhpl58 1371129794
EN unisim_syncram64 NULL /home/nuno/repos/pdp/grlib-gpl-1.1.0-b4104/lib/techmap/unisim/memory_unisim.vhd sub00/vhpl82 1371129818
AR clkmul_virtex2 struct /home/nuno/repos/pdp/grlib-gpl-1.1.0-b4104/lib/techmap/unisim/clkgen_unisim.vhd sub00/vhpl93 1371129829
EN generic_syncram_2p NULL /home/nuno/repos/pdp/grlib-gpl-1.1.0-b4104/lib/techmap/inferred/memory_inferred.vhd sub00/vhpl30 1371129766
EN generic_regfile_4p NULL /home/nuno/repos/pdp/grlib-gpl-1.1.0-b4104/lib/techmap/inferred/memory_inferred.vhd sub00/vhpl36 1371129772
EN spartan3e_ddr_phy NULL /home/nuno/repos/pdp/grlib-gpl-1.1.0-b4104/lib/techmap/unisim/ddr_phy_unisim.vhd sub01/vhpl132 1371129868
EN clkand_unisim NULL /home/nuno/repos/pdp/grlib-gpl-1.1.0-b4104/lib/techmap/unisim/clkgen_unisim.vhd sub00/vhpl98 1371129834
EN techbuf NULL /home/nuno/repos/pdp/grlib-gpl-1.1.0-b4104/lib/techmap/maps/techbuf.vhd sub01/vhpl117 1371129853
EN outpadv NULL /home/nuno/repos/pdp/grlib-gpl-1.1.0-b4104/lib/techmap/maps/outpad.vhd sub00/vhpl53 1371129789
EN generic_ddr_phy NULL /home/nuno/repos/pdp/grlib-gpl-1.1.0-b4104/lib/techmap/inferred/ddr_phy_inferred.vhd sub01/vhpl125 1371129861
AR syncram_dp rtl /home/nuno/repos/pdp/grlib-gpl-1.1.0-b4104/lib/techmap/maps/syncram_dp.vhd sub01/vhpl147 1371129883
AR tap rtl /home/nuno/repos/pdp/grlib-gpl-1.1.0-b4104/lib/techmap/maps/tap.vhd sub01/vhpl162 1371129898
EN inpad NULL /home/nuno/repos/pdp/grlib-gpl-1.1.0-b4104/lib/techmap/maps/inpad.vhd sub01/vhpl163 1371129899
AR unisim_clkpad_ds rtl /home/nuno/repos/pdp/grlib-gpl-1.1.0-b4104/lib/techmap/unisim/pads_unisim.vhd sub00/vhpl17 1371129753
EN spartan6_ddr2_phy NULL /home/nuno/repos/pdp/grlib-gpl-1.1.0-b4104/lib/techmap/unisim/ddr_phy_unisim.vhd sub01/vhpl138 1371129874
AR unisim_outpad_ds rtl /home/nuno/repos/pdp/grlib-gpl-1.1.0-b4104/lib/techmap/unisim/pads_unisim.vhd sub00/vhpl25 1371129761
EN outpad NULL /home/nuno/repos/pdp/grlib-gpl-1.1.0-b4104/lib/techmap/maps/outpad.vhd sub00/vhpl51 1371129787
EN unisim_syncram_dp NULL /home/nuno/repos/pdp/grlib-gpl-1.1.0-b4104/lib/techmap/unisim/memory_unisim.vhd sub00/vhpl78 1371129814
EN clkgen_virtex NULL /home/nuno/repos/pdp/grlib-gpl-1.1.0-b4104/lib/techmap/unisim/clkgen_unisim.vhd sub00/vhpl90 1371129826
EN unisim_iopad_ds NULL /home/nuno/repos/pdp/grlib-gpl-1.1.0-b4104/lib/techmap/unisim/pads_unisim.vhd sub00/vhpl22 1371129758
EN iopad_dsvv NULL /home/nuno/repos/pdp/grlib-gpl-1.1.0-b4104/lib/techmap/maps/iopad_ds.vhd sub00/vhpl61 1371129797
EN generic_syncram NULL /home/nuno/repos/pdp/grlib-gpl-1.1.0-b4104/lib/techmap/inferred/memory_inferred.vhd sub00/vhpl26 1371129762
EN virtex4_ddr_phy NULL /home/nuno/repos/pdp/grlib-gpl-1.1.0-b4104/lib/techmap/unisim/ddr_phy_unisim.vhd sub01/vhpl128 1371129864
AR unisim_syncram128 behav /home/nuno/repos/pdp/grlib-gpl-1.1.0-b4104/lib/techmap/unisim/memory_unisim.vhd sub00/vhpl85 1371129821
EN unisim_inpad_ds NULL /home/nuno/repos/pdp/grlib-gpl-1.1.0-b4104/lib/techmap/unisim/pads_unisim.vhd sub00/vhpl14 1371129750
EN virtex5_tap NULL /home/nuno/repos/pdp/grlib-gpl-1.1.0-b4104/lib/techmap/unisim/tap_unisim.vhd sub01/vhpl111 1371129847
AR unisim_syncram_2p behav /home/nuno/repos/pdp/grlib-gpl-1.1.0-b4104/lib/techmap/unisim/memory_unisim.vhd sub00/vhpl81 1371129817
AR generic_regfile_4p rtl /home/nuno/repos/pdp/grlib-gpl-1.1.0-b4104/lib/techmap/inferred/memory_inferred.vhd sub00/vhpl37 1371129773
EN iopadv NULL /home/nuno/repos/pdp/grlib-gpl-1.1.0-b4104/lib/techmap/maps/iopad.vhd sub00/vhpl65 1371129801
EN spartan6_tap NULL /home/nuno/repos/pdp/grlib-gpl-1.1.0-b4104/lib/techmap/unisim/tap_unisim.vhd sub01/vhpl115 1371129851
AR virtex_tap rtl /home/nuno/repos/pdp/grlib-gpl-1.1.0-b4104/lib/techmap/unisim/tap_unisim.vhd sub01/vhpl104 1371129840
EN syncram_dp NULL /home/nuno/repos/pdp/grlib-gpl-1.1.0-b4104/lib/techmap/maps/syncram_dp.vhd sub01/vhpl146 1371129882
EN oddrc3e NULL /home/nuno/repos/pdp/grlib-gpl-1.1.0-b4104/lib/techmap/unisim/ddr_unisim.vhd sub00/vhpl49 1371129785
AR clkmux_unisim rtl /home/nuno/repos/pdp/grlib-gpl-1.1.0-b4104/lib/techmap/unisim/clkgen_unisim.vhd sub01/vhpl101 1371129837
EN virtex_syncram_dp NULL /home/nuno/repos/pdp/grlib-gpl-1.1.0-b4104/lib/techmap/unisim/memory_unisim.vhd sub00/vhpl74 1371129810
AR clkmux_xilinx rtl /home/nuno/repos/pdp/grlib-gpl-1.1.0-b4104/lib/techmap/unisim/buffer_unisim.vhd sub00/vhpl42 1371129778
AR grlfpw_net rtl /home/nuno/repos/pdp/grlib-gpl-1.1.0-b4104/lib/techmap/maps/grlfpw_net.vhd sub01/vhpl151 1371129887
AR unisim_syncram128bw behav /home/nuno/repos/pdp/grlib-gpl-1.1.0-b4104/lib/techmap/unisim/memory_unisim.vhd sub00/vhpl87 1371129823
AR clkgen_virtex rtl /home/nuno/repos/pdp/grlib-gpl-1.1.0-b4104/lib/techmap/unisim/clkgen_unisim.vhd sub00/vhpl91 1371129827
EN virtex2_ddr_phy NULL /home/nuno/repos/pdp/grlib-gpl-1.1.0-b4104/lib/techmap/unisim/ddr_phy_unisim.vhd sub01/vhpl130 1371129866
AR virtex_syncram_dp behav /home/nuno/repos/pdp/grlib-gpl-1.1.0-b4104/lib/techmap/unisim/memory_unisim.vhd sub00/vhpl75 1371129811
EN syncram64 NULL /home/nuno/repos/pdp/grlib-gpl-1.1.0-b4104/lib/techmap/maps/syncram64.vhd sub01/vhpl144 1371129880
EN clkand NULL /home/nuno/repos/pdp/grlib-gpl-1.1.0-b4104/lib/techmap/maps/clkand.vhd sub01/vhpl158 1371129894
EN oddrv2 NULL /home/nuno/repos/pdp/grlib-gpl-1.1.0-b4104/lib/techmap/unisim/ddr_unisim.vhd sub00/vhpl47 1371129783
AR clkgen_virtex2 struct /home/nuno/repos/pdp/grlib-gpl-1.1.0-b4104/lib/techmap/unisim/clkgen_unisim.vhd sub00/vhpl89 1371129825
EN virtex_tap NULL /home/nuno/repos/pdp/grlib-gpl-1.1.0-b4104/lib/techmap/unisim/tap_unisim.vhd sub01/vhpl103 1371129839
EN unisim_iopad NULL /home/nuno/repos/pdp/grlib-gpl-1.1.0-b4104/lib/techmap/unisim/pads_unisim.vhd sub00/vhpl04 1371129740
EN spartan3a_ddr2_phy NULL /home/nuno/repos/pdp/grlib-gpl-1.1.0-b4104/lib/techmap/unisim/ddr_phy_unisim.vhd sub01/vhpl136 1371129872
AR grmux2 rtl /home/nuno/repos/pdp/grlib-gpl-1.1.0-b4104/lib/techmap/maps/grgates.vhd sub00/vhpl71 1371129807
EN unisim_oddr_reg NULL /home/nuno/repos/pdp/grlib-gpl-1.1.0-b4104/lib/techmap/unisim/ddr_unisim.vhd sub00/vhpl45 1371129781
