AR generic_syncram_2p_reg behav /home/nuno/repos/pdp/grlib-gpl-1.1.0-b4104/lib/techmap/inferred/memory_inferred.vhd sub00/vhpl33 1371232221
AR clkgen_spartan3 struct /home/nuno/repos/pdp/grlib-gpl-1.1.0-b4104/lib/techmap/unisim/clkgen_unisim.vhd sub00/vhpl95 1371232283
AR unisim_clkpad rtl /home/nuno/repos/pdp/grlib-gpl-1.1.0-b4104/lib/techmap/unisim/pads_unisim.vhd sub00/vhpl13 1371232201
EN generic_syncram_2p_reg NULL /home/nuno/repos/pdp/grlib-gpl-1.1.0-b4104/lib/techmap/inferred/memory_inferred.vhd sub00/vhpl32 1371232220
AR unisim_skew_outpad rtl /home/nuno/repos/pdp/grlib-gpl-1.1.0-b4104/lib/techmap/unisim/pads_unisim.vhd sub00/vhpl11 1371232199
AR regfile_3p rtl /home/nuno/repos/pdp/grlib-gpl-1.1.0-b4104/lib/techmap/maps/regfile_3p.vhd sub01/vhpl149 1371232337
AR oddrc3e rtl /home/nuno/repos/pdp/grlib-gpl-1.1.0-b4104/lib/techmap/unisim/ddr_unisim.vhd sub00/vhpl50 1371232238
EN grmux2 NULL /home/nuno/repos/pdp/grlib-gpl-1.1.0-b4104/lib/techmap/maps/grgates.vhd sub00/vhpl70 1371232258
EN iopad_dsv NULL /home/nuno/repos/pdp/grlib-gpl-1.1.0-b4104/lib/techmap/maps/iopad_ds.vhd sub00/vhpl59 1371232247
AR virtex6_tap rtl /home/nuno/repos/pdp/grlib-gpl-1.1.0-b4104/lib/techmap/unisim/tap_unisim.vhd sub01/vhpl114 1371232302
AR clkpad rtl /home/nuno/repos/pdp/grlib-gpl-1.1.0-b4104/lib/techmap/maps/clkpad.vhd sub00/vhpl56 1371232244
EN iopadvv NULL /home/nuno/repos/pdp/grlib-gpl-1.1.0-b4104/lib/techmap/maps/iopad.vhd sub00/vhpl67 1371232255
EN gen_ddr_phy_reg NULL /home/nuno/repos/pdp/grlib-gpl-1.1.0-b4104/lib/techmap/inferred/ddr_phy_inferred.vhd sub01/vhpl123 1371232311
AR ddrphy rtl /home/nuno/repos/pdp/grlib-gpl-1.1.0-b4104/lib/techmap/maps/ddrphy.vhd sub01/vhpl155 1371232343
AR unisim_inpad_ds rtl /home/nuno/repos/pdp/grlib-gpl-1.1.0-b4104/lib/techmap/unisim/pads_unisim.vhd sub00/vhpl15 1371232203
AR virtex5_tap rtl /home/nuno/repos/pdp/grlib-gpl-1.1.0-b4104/lib/techmap/unisim/tap_unisim.vhd sub01/vhpl112 1371232300
EN unisim_syncram NULL /home/nuno/repos/pdp/grlib-gpl-1.1.0-b4104/lib/techmap/unisim/memory_unisim.vhd sub00/vhpl76 1371232264
EN virtex4_inpad_ds NULL /home/nuno/repos/pdp/grlib-gpl-1.1.0-b4104/lib/techmap/unisim/pads_unisim.vhd sub00/vhpl18 1371232206
AR unisim_iopad rtl /home/nuno/repos/pdp/grlib-gpl-1.1.0-b4104/lib/techmap/unisim/pads_unisim.vhd sub00/vhpl05 1371232193
AR spartan3a_ddr2_phy rtl /home/nuno/repos/pdp/grlib-gpl-1.1.0-b4104/lib/techmap/unisim/ddr_phy_unisim.vhd sub01/vhpl137 1371232325
AR unisim_oddr_reg rtl /home/nuno/repos/pdp/grlib-gpl-1.1.0-b4104/lib/techmap/unisim/ddr_unisim.vhd sub00/vhpl46 1371232234
AR virtex4_clkpad_ds rtl /home/nuno/repos/pdp/grlib-gpl-1.1.0-b4104/lib/techmap/unisim/pads_unisim.vhd sub00/vhpl21 1371232209
AR virtex4_tap rtl /home/nuno/repos/pdp/grlib-gpl-1.1.0-b4104/lib/techmap/unisim/tap_unisim.vhd sub01/vhpl110 1371232298
EN tap NULL /home/nuno/repos/pdp/grlib-gpl-1.1.0-b4104/lib/techmap/maps/tap.vhd sub01/vhpl161 1371232349
EN virtex6_tap NULL /home/nuno/repos/pdp/grlib-gpl-1.1.0-b4104/lib/techmap/unisim/tap_unisim.vhd sub01/vhpl113 1371232301
AR spartan3e_ddr_phy rtl /home/nuno/repos/pdp/grlib-gpl-1.1.0-b4104/lib/techmap/unisim/ddr_phy_unisim.vhd sub01/vhpl133 1371232321
EN clkbuf_xilinx NULL /home/nuno/repos/pdp/grlib-gpl-1.1.0-b4104/lib/techmap/unisim/buffer_unisim.vhd sub00/vhpl39 1371232227
AR virtex4_ddr_phy rtl /home/nuno/repos/pdp/grlib-gpl-1.1.0-b4104/lib/techmap/unisim/ddr_phy_unisim.vhd sub01/vhpl129 1371232317
AR virtex4_inpad_ds rtl /home/nuno/repos/pdp/grlib-gpl-1.1.0-b4104/lib/techmap/unisim/pads_unisim.vhd sub00/vhpl19 1371232207
AR ddr2phy rtl /home/nuno/repos/pdp/grlib-gpl-1.1.0-b4104/lib/techmap/maps/ddrphy.vhd sub01/vhpl157 1371232345
PH allclkgen NULL /home/nuno/repos/pdp/grlib-gpl-1.1.0-b4104/lib/techmap/maps/allclkgen.vhd sub00/vhpl38 1371232226
EN virtex2_tap NULL /home/nuno/repos/pdp/grlib-gpl-1.1.0-b4104/lib/techmap/unisim/tap_unisim.vhd sub01/vhpl105 1371232293
AR unisim_iopad_ds rtl /home/nuno/repos/pdp/grlib-gpl-1.1.0-b4104/lib/techmap/unisim/pads_unisim.vhd sub00/vhpl23 1371232211
EN spartan3_tap NULL /home/nuno/repos/pdp/grlib-gpl-1.1.0-b4104/lib/techmap/unisim/tap_unisim.vhd sub01/vhpl107 1371232295
AR iopad_dsvv rtl /home/nuno/repos/pdp/grlib-gpl-1.1.0-b4104/lib/techmap/maps/iopad_ds.vhd sub00/vhpl62 1371232250
AR syncram64 rtl /home/nuno/repos/pdp/grlib-gpl-1.1.0-b4104/lib/techmap/maps/syncram64.vhd sub01/vhpl145 1371232333
AR clkand rtl /home/nuno/repos/pdp/grlib-gpl-1.1.0-b4104/lib/techmap/maps/clkand.vhd sub01/vhpl159 1371232347
EN clkmul_virtex2 NULL /home/nuno/repos/pdp/grlib-gpl-1.1.0-b4104/lib/techmap/unisim/clkgen_unisim.vhd sub00/vhpl92 1371232280
EN clkmux_unisim NULL /home/nuno/repos/pdp/grlib-gpl-1.1.0-b4104/lib/techmap/unisim/clkgen_unisim.vhd sub01/vhpl100 1371232288
AR virtex2_tap rtl /home/nuno/repos/pdp/grlib-gpl-1.1.0-b4104/lib/techmap/unisim/tap_unisim.vhd sub01/vhpl106 1371232294
AR unisim_toutpad rtl /home/nuno/repos/pdp/grlib-gpl-1.1.0-b4104/lib/techmap/unisim/pads_unisim.vhd sub00/vhpl09 1371232197
PH gencomp NULL /home/nuno/repos/pdp/grlib-gpl-1.1.0-b4104/lib/techmap/gencomp/gencomp.vhd sub00/vhpl00 1371232188
AR syncram_2p rtl /home/nuno/repos/pdp/grlib-gpl-1.1.0-b4104/lib/techmap/maps/syncram_2p.vhd sub01/vhpl141 1371232329
EN virtex4_clkpad_ds NULL /home/nuno/repos/pdp/grlib-gpl-1.1.0-b4104/lib/techmap/unisim/pads_unisim.vhd sub00/vhpl20 1371232208
AR generic_syncram_reg behavioral /home/nuno/repos/pdp/grlib-gpl-1.1.0-b4104/lib/techmap/inferred/memory_inferred.vhd sub00/vhpl29 1371232217
AR spartan6_ddr2_phy rtl /home/nuno/repos/pdp/grlib-gpl-1.1.0-b4104/lib/techmap/unisim/ddr_phy_unisim.vhd sub01/vhpl139 1371232327
EN unisim_clkpad_ds NULL /home/nuno/repos/pdp/grlib-gpl-1.1.0-b4104/lib/techmap/unisim/pads_unisim.vhd sub00/vhpl16 1371232204
AR generic_syncram_2p behav /home/nuno/repos/pdp/grlib-gpl-1.1.0-b4104/lib/techmap/inferred/memory_inferred.vhd sub00/vhpl31 1371232219
AR clkgen struct /home/nuno/repos/pdp/grlib-gpl-1.1.0-b4104/lib/techmap/maps/clkgen.vhd sub01/vhpl168 1371232356
EN unisim_iddr_reg NULL /home/nuno/repos/pdp/grlib-gpl-1.1.0-b4104/lib/techmap/unisim/ddr_unisim.vhd sub00/vhpl43 1371232231
EN grfpw_net NULL /home/nuno/repos/pdp/grlib-gpl-1.1.0-b4104/lib/techmap/maps/grfpw_net.vhd sub01/vhpl152 1371232340
EN unisim_clkpad NULL /home/nuno/repos/pdp/grlib-gpl-1.1.0-b4104/lib/techmap/unisim/pads_unisim.vhd sub00/vhpl12 1371232200
AR gen_ddr_phy_oreg rtl /home/nuno/repos/pdp/grlib-gpl-1.1.0-b4104/lib/techmap/inferred/ddr_phy_inferred.vhd sub01/vhpl120 1371232308
AR clkbuf_xilinx rtl /home/nuno/repos/pdp/grlib-gpl-1.1.0-b4104/lib/techmap/unisim/buffer_unisim.vhd sub00/vhpl40 1371232228
AR unisim_iddr_reg rtl /home/nuno/repos/pdp/grlib-gpl-1.1.0-b4104/lib/techmap/unisim/ddr_unisim.vhd sub00/vhpl44 1371232232
AR grfpw_net rtl /home/nuno/repos/pdp/grlib-gpl-1.1.0-b4104/lib/techmap/maps/grfpw_net.vhd sub01/vhpl153 1371232341
AR unisim_inpad rtl /home/nuno/repos/pdp/grlib-gpl-1.1.0-b4104/lib/techmap/unisim/pads_unisim.vhd sub00/vhpl03 1371232191
EN unisim_syncram128 NULL /home/nuno/repos/pdp/grlib-gpl-1.1.0-b4104/lib/techmap/unisim/memory_unisim.vhd sub00/vhpl84 1371232272
EN generic_syncram_reg NULL /home/nuno/repos/pdp/grlib-gpl-1.1.0-b4104/lib/techmap/inferred/memory_inferred.vhd sub00/vhpl28 1371232216
AR iopad rtl /home/nuno/repos/pdp/grlib-gpl-1.1.0-b4104/lib/techmap/maps/iopad.vhd sub00/vhpl64 1371232252
AR unisim_syncram64 behav /home/nuno/repos/pdp/grlib-gpl-1.1.0-b4104/lib/techmap/unisim/memory_unisim.vhd sub00/vhpl83 1371232271
AR outpadv rtl /home/nuno/repos/pdp/grlib-gpl-1.1.0-b4104/lib/techmap/maps/outpad.vhd sub00/vhpl54 1371232242
AR iopadv rtl /home/nuno/repos/pdp/grlib-gpl-1.1.0-b4104/lib/techmap/maps/iopad.vhd sub00/vhpl66 1371232254
AR spartan6_tap rtl /home/nuno/repos/pdp/grlib-gpl-1.1.0-b4104/lib/techmap/unisim/tap_unisim.vhd sub01/vhpl116 1371232304
AR clkgen_virtex5 struct /home/nuno/repos/pdp/grlib-gpl-1.1.0-b4104/lib/techmap/unisim/clkgen_unisim.vhd sub00/vhpl97 1371232285
EN unisim_inpad NULL /home/nuno/repos/pdp/grlib-gpl-1.1.0-b4104/lib/techmap/unisim/pads_unisim.vhd sub00/vhpl02 1371232190
PH netcomp NULL /home/nuno/repos/pdp/grlib-gpl-1.1.0-b4104/lib/techmap/gencomp/netcomp.vhd sub01/vhpl160 1371232348
AR inpadv rtl /home/nuno/repos/pdp/grlib-gpl-1.1.0-b4104/lib/techmap/maps/inpad.vhd sub01/vhpl166 1371232354
AR clkand_unisim rtl /home/nuno/repos/pdp/grlib-gpl-1.1.0-b4104/lib/techmap/unisim/clkgen_unisim.vhd sub00/vhpl99 1371232287
AR techbuf rtl /home/nuno/repos/pdp/grlib-gpl-1.1.0-b4104/lib/techmap/maps/techbuf.vhd sub01/vhpl118 1371232306
EN clkmux_xilinx NULL /home/nuno/repos/pdp/grlib-gpl-1.1.0-b4104/lib/techmap/unisim/buffer_unisim.vhd sub00/vhpl41 1371232229
EN grlfpw_net NULL /home/nuno/repos/pdp/grlib-gpl-1.1.0-b4104/lib/techmap/maps/grlfpw_net.vhd sub01/vhpl150 1371232338
AR virtex5_ddr2_phy rtl /home/nuno/repos/pdp/grlib-gpl-1.1.0-b4104/lib/techmap/unisim/ddr_phy_unisim.vhd sub01/vhpl135 1371232323
PH alltap NULL /home/nuno/repos/pdp/grlib-gpl-1.1.0-b4104/lib/techmap/maps/alltap.vhd sub01/vhpl102 1371232290
EN ddr2phy NULL /home/nuno/repos/pdp/grlib-gpl-1.1.0-b4104/lib/techmap/maps/ddrphy.vhd sub01/vhpl156 1371232344
PH allddr NULL /home/nuno/repos/pdp/grlib-gpl-1.1.0-b4104/lib/techmap/maps/allddr.vhd sub01/vhpl127 1371232315
AR iopadvv rtl /home/nuno/repos/pdp/grlib-gpl-1.1.0-b4104/lib/techmap/maps/iopad.vhd sub00/vhpl68 1371232256
EN clkgen_spartan3 NULL /home/nuno/repos/pdp/grlib-gpl-1.1.0-b4104/lib/techmap/unisim/clkgen_unisim.vhd sub00/vhpl94 1371232282
AR spartan3_tap rtl /home/nuno/repos/pdp/grlib-gpl-1.1.0-b4104/lib/techmap/unisim/tap_unisim.vhd sub01/vhpl108 1371232296
AR syncram rtl /home/nuno/repos/pdp/grlib-gpl-1.1.0-b4104/lib/techmap/maps/syncram.vhd sub01/vhpl143 1371232331
EN iopad NULL /home/nuno/repos/pdp/grlib-gpl-1.1.0-b4104/lib/techmap/maps/iopad.vhd sub00/vhpl63 1371232251
EN clkgen_virtex2 NULL /home/nuno/repos/pdp/grlib-gpl-1.1.0-b4104/lib/techmap/unisim/clkgen_unisim.vhd sub00/vhpl88 1371232276
AR virtex2_ddr_phy rtl /home/nuno/repos/pdp/grlib-gpl-1.1.0-b4104/lib/techmap/unisim/ddr_phy_unisim.vhd sub01/vhpl131 1371232319
AR iopad_dsv rtl /home/nuno/repos/pdp/grlib-gpl-1.1.0-b4104/lib/techmap/maps/iopad_ds.vhd sub00/vhpl60 1371232248
EN clkgen_virtex5 NULL /home/nuno/repos/pdp/grlib-gpl-1.1.0-b4104/lib/techmap/unisim/clkgen_unisim.vhd sub00/vhpl96 1371232284
EN iopad_ds NULL /home/nuno/repos/pdp/grlib-gpl-1.1.0-b4104/lib/techmap/maps/iopad_ds.vhd sub00/vhpl57 1371232245
EN unisim_toutpad NULL /home/nuno/repos/pdp/grlib-gpl-1.1.0-b4104/lib/techmap/unisim/pads_unisim.vhd sub00/vhpl08 1371232196
AR gen_ddr_phy_ireg rtl /home/nuno/repos/pdp/grlib-gpl-1.1.0-b4104/lib/techmap/inferred/ddr_phy_inferred.vhd sub01/vhpl122 1371232310
AR inpad rtl /home/nuno/repos/pdp/grlib-gpl-1.1.0-b4104/lib/techmap/maps/inpad.vhd sub01/vhpl164 1371232352
AR unisim_syncram_dp behav /home/nuno/repos/pdp/grlib-gpl-1.1.0-b4104/lib/techmap/unisim/memory_unisim.vhd sub00/vhpl79 1371232267
EN unisim_outpad NULL /home/nuno/repos/pdp/grlib-gpl-1.1.0-b4104/lib/techmap/unisim/pads_unisim.vhd sub00/vhpl06 1371232194
EN unisim_syncram128bw NULL /home/nuno/repos/pdp/grlib-gpl-1.1.0-b4104/lib/techmap/unisim/memory_unisim.vhd sub00/vhpl86 1371232274
EN unisim_syncram_2p NULL /home/nuno/repos/pdp/grlib-gpl-1.1.0-b4104/lib/techmap/unisim/memory_unisim.vhd sub00/vhpl80 1371232268
EN clkgen NULL /home/nuno/repos/pdp/grlib-gpl-1.1.0-b4104/lib/techmap/maps/clkgen.vhd sub01/vhpl167 1371232355
EN unisim_outpad_ds NULL /home/nuno/repos/pdp/grlib-gpl-1.1.0-b4104/lib/techmap/unisim/pads_unisim.vhd sub00/vhpl24 1371232212
AR generic_ddr_phy rtl /home/nuno/repos/pdp/grlib-gpl-1.1.0-b4104/lib/techmap/inferred/ddr_phy_inferred.vhd sub01/vhpl126 1371232314
EN clkpad NULL /home/nuno/repos/pdp/grlib-gpl-1.1.0-b4104/lib/techmap/maps/clkpad.vhd sub00/vhpl55 1371232243
AR unisim_syncram behav /home/nuno/repos/pdp/grlib-gpl-1.1.0-b4104/lib/techmap/unisim/memory_unisim.vhd sub00/vhpl77 1371232265
EN unisim_skew_outpad NULL /home/nuno/repos/pdp/grlib-gpl-1.1.0-b4104/lib/techmap/unisim/pads_unisim.vhd sub00/vhpl10 1371232198
EN regfile_3p NULL /home/nuno/repos/pdp/grlib-gpl-1.1.0-b4104/lib/techmap/maps/regfile_3p.vhd sub01/vhpl148 1371232336
PH allmem NULL /home/nuno/repos/pdp/grlib-gpl-1.1.0-b4104/lib/techmap/maps/allmem.vhd sub00/vhpl69 1371232257
EN gen_ddr_phy_oreg NULL /home/nuno/repos/pdp/grlib-gpl-1.1.0-b4104/lib/techmap/inferred/ddr_phy_inferred.vhd sub01/vhpl119 1371232307
EN syncram_2p NULL /home/nuno/repos/pdp/grlib-gpl-1.1.0-b4104/lib/techmap/maps/syncram_2p.vhd sub01/vhpl140 1371232328
EN syncram NULL /home/nuno/repos/pdp/grlib-gpl-1.1.0-b4104/lib/techmap/maps/syncram.vhd sub01/vhpl142 1371232330
EN virtex5_ddr2_phy NULL /home/nuno/repos/pdp/grlib-gpl-1.1.0-b4104/lib/techmap/unisim/ddr_phy_unisim.vhd sub01/vhpl134 1371232322
AR unisim_outpad rtl /home/nuno/repos/pdp/grlib-gpl-1.1.0-b4104/lib/techmap/unisim/pads_unisim.vhd sub00/vhpl07 1371232195
AR virtex_syncram behav /home/nuno/repos/pdp/grlib-gpl-1.1.0-b4104/lib/techmap/unisim/memory_unisim.vhd sub00/vhpl73 1371232261
EN virtex4_tap NULL /home/nuno/repos/pdp/grlib-gpl-1.1.0-b4104/lib/techmap/unisim/tap_unisim.vhd sub01/vhpl109 1371232297
EN inpadv NULL /home/nuno/repos/pdp/grlib-gpl-1.1.0-b4104/lib/techmap/maps/inpad.vhd sub01/vhpl165 1371232353
AR oddrv2 rtl /home/nuno/repos/pdp/grlib-gpl-1.1.0-b4104/lib/techmap/unisim/ddr_unisim.vhd sub00/vhpl48 1371232236
AR gen_ddr_phy_reg rtl /home/nuno/repos/pdp/grlib-gpl-1.1.0-b4104/lib/techmap/inferred/ddr_phy_inferred.vhd sub01/vhpl124 1371232312
EN ddrphy NULL /home/nuno/repos/pdp/grlib-gpl-1.1.0-b4104/lib/techmap/maps/ddrphy.vhd sub01/vhpl154 1371232342
AR generic_regfile_3p rtl /home/nuno/repos/pdp/grlib-gpl-1.1.0-b4104/lib/techmap/inferred/memory_inferred.vhd sub00/vhpl35 1371232223
AR outpad rtl /home/nuno/repos/pdp/grlib-gpl-1.1.0-b4104/lib/techmap/maps/outpad.vhd sub00/vhpl52 1371232240
EN gen_ddr_phy_ireg NULL /home/nuno/repos/pdp/grlib-gpl-1.1.0-b4104/lib/techmap/inferred/ddr_phy_inferred.vhd sub01/vhpl121 1371232309
EN virtex_syncram NULL /home/nuno/repos/pdp/grlib-gpl-1.1.0-b4104/lib/techmap/unisim/memory_unisim.vhd sub00/vhpl72 1371232260
PH allpads NULL /home/nuno/repos/pdp/grlib-gpl-1.1.0-b4104/lib/techmap/maps/allpads.vhd sub00/vhpl01 1371232189
AR generic_syncram behavioral /home/nuno/repos/pdp/grlib-gpl-1.1.0-b4104/lib/techmap/inferred/memory_inferred.vhd sub00/vhpl27 1371232215
EN generic_regfile_3p NULL /home/nuno/repos/pdp/grlib-gpl-1.1.0-b4104/lib/techmap/inferred/memory_inferred.vhd sub00/vhpl34 1371232222
AR iopad_ds rtl /home/nuno/repos/pdp/grlib-gpl-1.1.0-b4104/lib/techmap/maps/iopad_ds.vhd sub00/vhpl58 1371232246
EN unisim_syncram64 NULL /home/nuno/repos/pdp/grlib-gpl-1.1.0-b4104/lib/techmap/unisim/memory_unisim.vhd sub00/vhpl82 1371232270
AR clkmul_virtex2 struct /home/nuno/repos/pdp/grlib-gpl-1.1.0-b4104/lib/techmap/unisim/clkgen_unisim.vhd sub00/vhpl93 1371232281
EN generic_syncram_2p NULL /home/nuno/repos/pdp/grlib-gpl-1.1.0-b4104/lib/techmap/inferred/memory_inferred.vhd sub00/vhpl30 1371232218
EN generic_regfile_4p NULL /home/nuno/repos/pdp/grlib-gpl-1.1.0-b4104/lib/techmap/inferred/memory_inferred.vhd sub00/vhpl36 1371232224
EN spartan3e_ddr_phy NULL /home/nuno/repos/pdp/grlib-gpl-1.1.0-b4104/lib/techmap/unisim/ddr_phy_unisim.vhd sub01/vhpl132 1371232320
EN clkand_unisim NULL /home/nuno/repos/pdp/grlib-gpl-1.1.0-b4104/lib/techmap/unisim/clkgen_unisim.vhd sub00/vhpl98 1371232286
EN techbuf NULL /home/nuno/repos/pdp/grlib-gpl-1.1.0-b4104/lib/techmap/maps/techbuf.vhd sub01/vhpl117 1371232305
EN outpadv NULL /home/nuno/repos/pdp/grlib-gpl-1.1.0-b4104/lib/techmap/maps/outpad.vhd sub00/vhpl53 1371232241
EN generic_ddr_phy NULL /home/nuno/repos/pdp/grlib-gpl-1.1.0-b4104/lib/techmap/inferred/ddr_phy_inferred.vhd sub01/vhpl125 1371232313
AR syncram_dp rtl /home/nuno/repos/pdp/grlib-gpl-1.1.0-b4104/lib/techmap/maps/syncram_dp.vhd sub01/vhpl147 1371232335
AR tap rtl /home/nuno/repos/pdp/grlib-gpl-1.1.0-b4104/lib/techmap/maps/tap.vhd sub01/vhpl162 1371232350
EN inpad NULL /home/nuno/repos/pdp/grlib-gpl-1.1.0-b4104/lib/techmap/maps/inpad.vhd sub01/vhpl163 1371232351
AR unisim_clkpad_ds rtl /home/nuno/repos/pdp/grlib-gpl-1.1.0-b4104/lib/techmap/unisim/pads_unisim.vhd sub00/vhpl17 1371232205
EN spartan6_ddr2_phy NULL /home/nuno/repos/pdp/grlib-gpl-1.1.0-b4104/lib/techmap/unisim/ddr_phy_unisim.vhd sub01/vhpl138 1371232326
AR unisim_outpad_ds rtl /home/nuno/repos/pdp/grlib-gpl-1.1.0-b4104/lib/techmap/unisim/pads_unisim.vhd sub00/vhpl25 1371232213
EN outpad NULL /home/nuno/repos/pdp/grlib-gpl-1.1.0-b4104/lib/techmap/maps/outpad.vhd sub00/vhpl51 1371232239
EN unisim_syncram_dp NULL /home/nuno/repos/pdp/grlib-gpl-1.1.0-b4104/lib/techmap/unisim/memory_unisim.vhd sub00/vhpl78 1371232266
EN clkgen_virtex NULL /home/nuno/repos/pdp/grlib-gpl-1.1.0-b4104/lib/techmap/unisim/clkgen_unisim.vhd sub00/vhpl90 1371232278
EN unisim_iopad_ds NULL /home/nuno/repos/pdp/grlib-gpl-1.1.0-b4104/lib/techmap/unisim/pads_unisim.vhd sub00/vhpl22 1371232210
EN iopad_dsvv NULL /home/nuno/repos/pdp/grlib-gpl-1.1.0-b4104/lib/techmap/maps/iopad_ds.vhd sub00/vhpl61 1371232249
EN generic_syncram NULL /home/nuno/repos/pdp/grlib-gpl-1.1.0-b4104/lib/techmap/inferred/memory_inferred.vhd sub00/vhpl26 1371232214
EN virtex4_ddr_phy NULL /home/nuno/repos/pdp/grlib-gpl-1.1.0-b4104/lib/techmap/unisim/ddr_phy_unisim.vhd sub01/vhpl128 1371232316
AR unisim_syncram128 behav /home/nuno/repos/pdp/grlib-gpl-1.1.0-b4104/lib/techmap/unisim/memory_unisim.vhd sub00/vhpl85 1371232273
EN unisim_inpad_ds NULL /home/nuno/repos/pdp/grlib-gpl-1.1.0-b4104/lib/techmap/unisim/pads_unisim.vhd sub00/vhpl14 1371232202
EN virtex5_tap NULL /home/nuno/repos/pdp/grlib-gpl-1.1.0-b4104/lib/techmap/unisim/tap_unisim.vhd sub01/vhpl111 1371232299
AR unisim_syncram_2p behav /home/nuno/repos/pdp/grlib-gpl-1.1.0-b4104/lib/techmap/unisim/memory_unisim.vhd sub00/vhpl81 1371232269
AR generic_regfile_4p rtl /home/nuno/repos/pdp/grlib-gpl-1.1.0-b4104/lib/techmap/inferred/memory_inferred.vhd sub00/vhpl37 1371232225
EN iopadv NULL /home/nuno/repos/pdp/grlib-gpl-1.1.0-b4104/lib/techmap/maps/iopad.vhd sub00/vhpl65 1371232253
EN spartan6_tap NULL /home/nuno/repos/pdp/grlib-gpl-1.1.0-b4104/lib/techmap/unisim/tap_unisim.vhd sub01/vhpl115 1371232303
AR virtex_tap rtl /home/nuno/repos/pdp/grlib-gpl-1.1.0-b4104/lib/techmap/unisim/tap_unisim.vhd sub01/vhpl104 1371232292
EN syncram_dp NULL /home/nuno/repos/pdp/grlib-gpl-1.1.0-b4104/lib/techmap/maps/syncram_dp.vhd sub01/vhpl146 1371232334
EN oddrc3e NULL /home/nuno/repos/pdp/grlib-gpl-1.1.0-b4104/lib/techmap/unisim/ddr_unisim.vhd sub00/vhpl49 1371232237
AR clkmux_unisim rtl /home/nuno/repos/pdp/grlib-gpl-1.1.0-b4104/lib/techmap/unisim/clkgen_unisim.vhd sub01/vhpl101 1371232289
EN virtex_syncram_dp NULL /home/nuno/repos/pdp/grlib-gpl-1.1.0-b4104/lib/techmap/unisim/memory_unisim.vhd sub00/vhpl74 1371232262
AR clkmux_xilinx rtl /home/nuno/repos/pdp/grlib-gpl-1.1.0-b4104/lib/techmap/unisim/buffer_unisim.vhd sub00/vhpl42 1371232230
AR grlfpw_net rtl /home/nuno/repos/pdp/grlib-gpl-1.1.0-b4104/lib/techmap/maps/grlfpw_net.vhd sub01/vhpl151 1371232339
AR unisim_syncram128bw behav /home/nuno/repos/pdp/grlib-gpl-1.1.0-b4104/lib/techmap/unisim/memory_unisim.vhd sub00/vhpl87 1371232275
AR clkgen_virtex rtl /home/nuno/repos/pdp/grlib-gpl-1.1.0-b4104/lib/techmap/unisim/clkgen_unisim.vhd sub00/vhpl91 1371232279
EN virtex2_ddr_phy NULL /home/nuno/repos/pdp/grlib-gpl-1.1.0-b4104/lib/techmap/unisim/ddr_phy_unisim.vhd sub01/vhpl130 1371232318
AR virtex_syncram_dp behav /home/nuno/repos/pdp/grlib-gpl-1.1.0-b4104/lib/techmap/unisim/memory_unisim.vhd sub00/vhpl75 1371232263
EN syncram64 NULL /home/nuno/repos/pdp/grlib-gpl-1.1.0-b4104/lib/techmap/maps/syncram64.vhd sub01/vhpl144 1371232332
EN clkand NULL /home/nuno/repos/pdp/grlib-gpl-1.1.0-b4104/lib/techmap/maps/clkand.vhd sub01/vhpl158 1371232346
EN oddrv2 NULL /home/nuno/repos/pdp/grlib-gpl-1.1.0-b4104/lib/techmap/unisim/ddr_unisim.vhd sub00/vhpl47 1371232235
AR clkgen_virtex2 struct /home/nuno/repos/pdp/grlib-gpl-1.1.0-b4104/lib/techmap/unisim/clkgen_unisim.vhd sub00/vhpl89 1371232277
EN virtex_tap NULL /home/nuno/repos/pdp/grlib-gpl-1.1.0-b4104/lib/techmap/unisim/tap_unisim.vhd sub01/vhpl103 1371232291
EN unisim_iopad NULL /home/nuno/repos/pdp/grlib-gpl-1.1.0-b4104/lib/techmap/unisim/pads_unisim.vhd sub00/vhpl04 1371232192
EN spartan3a_ddr2_phy NULL /home/nuno/repos/pdp/grlib-gpl-1.1.0-b4104/lib/techmap/unisim/ddr_phy_unisim.vhd sub01/vhpl136 1371232324
AR grmux2 rtl /home/nuno/repos/pdp/grlib-gpl-1.1.0-b4104/lib/techmap/maps/grgates.vhd sub00/vhpl71 1371232259
EN unisim_oddr_reg NULL /home/nuno/repos/pdp/grlib-gpl-1.1.0-b4104/lib/techmap/unisim/ddr_unisim.vhd sub00/vhpl45 1371232233
