EN mctrl NULL /home/nuno/repos/pdp/grlib-gpl-1.1.0-b4104/lib/esa/memoryctrl/mctrl.vhd sub00/vhpl01 1371062498
AR mctrl rtl /home/nuno/repos/pdp/grlib-gpl-1.1.0-b4104/lib/esa/memoryctrl/mctrl.vhd sub00/vhpl02 1371062499
PH memoryctrl NULL /home/nuno/repos/pdp/grlib-gpl-1.1.0-b4104/lib/esa/memoryctrl/memoryctrl.vhd sub00/vhpl00 1371062497
