V3 10
FL /home/nuno/repos/pdp/grlib-gpl-1.1.0-b4104/lib/esa/memoryctrl/mctrl.vhd 2013/05/03.15:40:20 P.28xd
EN esa/mctrl 1371130058 \
      FL /home/nuno/repos/pdp/grlib-gpl-1.1.0-b4104/lib/esa/memoryctrl/mctrl.vhd \
      PB ieee/std_logic_1164 1341906176 LB grlib PB grlib/amba 1371129729 \
      PH grlib/devices 1371129731 PB grlib/stdlib 1371129727 LB gaisler \
      PH gaisler/memctrl 1371129955 LB esa PH esa/memoryctrl 1371130057
AR esa/mctrl/rtl 1371130059 \
      FL /home/nuno/repos/pdp/grlib-gpl-1.1.0-b4104/lib/esa/memoryctrl/mctrl.vhd \
      EN esa/mctrl 1371130058 CP sdmctrl
FL /home/nuno/repos/pdp/grlib-gpl-1.1.0-b4104/lib/esa/memoryctrl/memoryctrl.vhd 2013/05/03.15:40:20 P.28xd
PH esa/memoryctrl 1371130057 \
      FL /home/nuno/repos/pdp/grlib-gpl-1.1.0-b4104/lib/esa/memoryctrl/memoryctrl.vhd \
      PB ieee/std_logic_1164 1341906176 LB grlib PB grlib/amba 1371129729 \
      LB gaisler PH gaisler/memctrl 1371129955 CD mctrl
