V3 10
FL /home/nuno/repos/pdp/grlib-gpl-1.1.0-b4104/lib/esa/memoryctrl/mctrl.vhd 2013/05/03.15:40:20 P.28xd
EN esa/mctrl 1371247868 \
      FL /home/nuno/repos/pdp/grlib-gpl-1.1.0-b4104/lib/esa/memoryctrl/mctrl.vhd \
      PB ieee/std_logic_1164 1341906176 LB grlib PB grlib/amba 1371247539 \
      PH grlib/devices 1371247541 PB grlib/stdlib 1371247537 LB gaisler \
      PH gaisler/memctrl 1371247765 LB esa PH esa/memoryctrl 1371247867
AR esa/mctrl/rtl 1371247869 \
      FL /home/nuno/repos/pdp/grlib-gpl-1.1.0-b4104/lib/esa/memoryctrl/mctrl.vhd \
      EN esa/mctrl 1371247868 CP sdmctrl
FL /home/nuno/repos/pdp/grlib-gpl-1.1.0-b4104/lib/esa/memoryctrl/memoryctrl.vhd 2013/05/03.15:40:20 P.28xd
PH esa/memoryctrl 1371247867 \
      FL /home/nuno/repos/pdp/grlib-gpl-1.1.0-b4104/lib/esa/memoryctrl/memoryctrl.vhd \
      PB ieee/std_logic_1164 1341906176 LB grlib PB grlib/amba 1371247539 \
      LB gaisler PH gaisler/memctrl 1371247765 CD mctrl
