V3 10
FL /home/nuno/repos/pdp/grlib-gpl-1.1.0-b4104/lib/esa/memoryctrl/mctrl.vhd 2013/05/03.15:40:20 P.28xd
EN esa/mctrl 1371062498 \
      FL /home/nuno/repos/pdp/grlib-gpl-1.1.0-b4104/lib/esa/memoryctrl/mctrl.vhd \
      PB ieee/std_logic_1164 1341906176 LB grlib PB grlib/amba 1371062169 \
      PH grlib/devices 1371062171 PB grlib/stdlib 1371062167 LB gaisler \
      PH gaisler/memctrl 1371062395 LB esa PH esa/memoryctrl 1371062497
AR esa/mctrl/rtl 1371062499 \
      FL /home/nuno/repos/pdp/grlib-gpl-1.1.0-b4104/lib/esa/memoryctrl/mctrl.vhd \
      EN esa/mctrl 1371062498 CP sdmctrl
FL /home/nuno/repos/pdp/grlib-gpl-1.1.0-b4104/lib/esa/memoryctrl/memoryctrl.vhd 2013/05/03.15:40:20 P.28xd
PH esa/memoryctrl 1371062497 \
      FL /home/nuno/repos/pdp/grlib-gpl-1.1.0-b4104/lib/esa/memoryctrl/memoryctrl.vhd \
      PB ieee/std_logic_1164 1341906176 LB grlib PB grlib/amba 1371062169 \
      LB gaisler PH gaisler/memctrl 1371062395 CD mctrl
