AR eth_rstgen rtl /home/nuno/repos/pdp/grlib-gpl-1.1.0-b4104/lib/eth/core/eth_rstgen.vhd sub00/vhpl03 1371129924
PH grethpkg NULL /home/nuno/repos/pdp/grlib-gpl-1.1.0-b4104/lib/eth/core/greth_pkg.vhd sub00/vhpl00 1371129921
PB grethpkg grethpkg /home/nuno/repos/pdp/grlib-gpl-1.1.0-b4104/lib/eth/core/greth_pkg.vhd sub00/vhpl01 1371129922
EN greth_rx NULL /home/nuno/repos/pdp/grlib-gpl-1.1.0-b4104/lib/eth/core/greth_rx.vhd sub00/vhpl06 1371129933
EN greth_tx NULL /home/nuno/repos/pdp/grlib-gpl-1.1.0-b4104/lib/eth/core/greth_tx.vhd sub00/vhpl04 1371129931
AR grethc rtl /home/nuno/repos/pdp/grlib-gpl-1.1.0-b4104/lib/eth/core/grethc.vhd sub00/vhpl11 1371129958
EN eth_ahb_mst NULL /home/nuno/repos/pdp/grlib-gpl-1.1.0-b4104/lib/eth/core/eth_ahb_mst.vhd sub00/vhpl08 1371129935
AR greth_rx rtl /home/nuno/repos/pdp/grlib-gpl-1.1.0-b4104/lib/eth/core/greth_rx.vhd sub00/vhpl07 1371129934
EN grethc NULL /home/nuno/repos/pdp/grlib-gpl-1.1.0-b4104/lib/eth/core/grethc.vhd sub00/vhpl10 1371129957
PH ethcomp NULL /home/nuno/repos/pdp/grlib-gpl-1.1.0-b4104/lib/eth/comp/ethcomp.vhd sub00/vhpl12 1371129959
AR greth_tx rtl /home/nuno/repos/pdp/grlib-gpl-1.1.0-b4104/lib/eth/core/greth_tx.vhd sub00/vhpl05 1371129932
AR eth_ahb_mst rtl /home/nuno/repos/pdp/grlib-gpl-1.1.0-b4104/lib/eth/core/eth_ahb_mst.vhd sub00/vhpl09 1371129936
EN eth_rstgen NULL /home/nuno/repos/pdp/grlib-gpl-1.1.0-b4104/lib/eth/core/eth_rstgen.vhd sub00/vhpl02 1371129923
