AR eth_rstgen rtl /home/nuno/repos/pdp/grlib-gpl-1.1.0-b4104/lib/eth/core/eth_rstgen.vhd sub00/vhpl03 1371247734
PH grethpkg NULL /home/nuno/repos/pdp/grlib-gpl-1.1.0-b4104/lib/eth/core/greth_pkg.vhd sub00/vhpl00 1371247731
PB grethpkg grethpkg /home/nuno/repos/pdp/grlib-gpl-1.1.0-b4104/lib/eth/core/greth_pkg.vhd sub00/vhpl01 1371247732
EN greth_rx NULL /home/nuno/repos/pdp/grlib-gpl-1.1.0-b4104/lib/eth/core/greth_rx.vhd sub00/vhpl06 1371247743
EN greth_tx NULL /home/nuno/repos/pdp/grlib-gpl-1.1.0-b4104/lib/eth/core/greth_tx.vhd sub00/vhpl04 1371247741
AR grethc rtl /home/nuno/repos/pdp/grlib-gpl-1.1.0-b4104/lib/eth/core/grethc.vhd sub00/vhpl11 1371247768
EN eth_ahb_mst NULL /home/nuno/repos/pdp/grlib-gpl-1.1.0-b4104/lib/eth/core/eth_ahb_mst.vhd sub00/vhpl08 1371247745
AR greth_rx rtl /home/nuno/repos/pdp/grlib-gpl-1.1.0-b4104/lib/eth/core/greth_rx.vhd sub00/vhpl07 1371247744
EN grethc NULL /home/nuno/repos/pdp/grlib-gpl-1.1.0-b4104/lib/eth/core/grethc.vhd sub00/vhpl10 1371247767
PH ethcomp NULL /home/nuno/repos/pdp/grlib-gpl-1.1.0-b4104/lib/eth/comp/ethcomp.vhd sub00/vhpl12 1371247769
AR greth_tx rtl /home/nuno/repos/pdp/grlib-gpl-1.1.0-b4104/lib/eth/core/greth_tx.vhd sub00/vhpl05 1371247742
AR eth_ahb_mst rtl /home/nuno/repos/pdp/grlib-gpl-1.1.0-b4104/lib/eth/core/eth_ahb_mst.vhd sub00/vhpl09 1371247746
EN eth_rstgen NULL /home/nuno/repos/pdp/grlib-gpl-1.1.0-b4104/lib/eth/core/eth_rstgen.vhd sub00/vhpl02 1371247733
