V3 11
FL /home/nuno/repos/pdp/grlib-gpl-1.1.0-b4104/lib/opencores/i2c/i2coc.vhd 2013/05/03.15:40:18 P.28xd
PH opencores/i2coc 1371062453 \
      FL /home/nuno/repos/pdp/grlib-gpl-1.1.0-b4104/lib/opencores/i2c/i2coc.vhd \
      PB ieee/std_logic_1164 1341906176 PB ieee/NUMERIC_STD 1341906182 \
      CD i2c_master_byte_ctrl
FL /home/nuno/repos/pdp/grlib-gpl-1.1.0-b4104/lib/opencores/i2c/i2c_master_bit_ctrl.vhd 2013/05/03.15:40:18 P.28xd
EN opencores/i2c_master_bit_ctrl 1371062413 \
      FL /home/nuno/repos/pdp/grlib-gpl-1.1.0-b4104/lib/opencores/i2c/i2c_master_bit_ctrl.vhd \
      PB ieee/std_logic_1164 1341906176 LB grlib PB grlib/stdlib 1371062167
AR opencores/i2c_master_bit_ctrl/structural 1371062414 \
      FL /home/nuno/repos/pdp/grlib-gpl-1.1.0-b4104/lib/opencores/i2c/i2c_master_bit_ctrl.vhd \
      EN opencores/i2c_master_bit_ctrl 1371062413
FL /home/nuno/repos/pdp/grlib-gpl-1.1.0-b4104/lib/opencores/i2c/i2c_master_byte_ctrl.vhd 2013/05/03.15:40:18 P.28xd
EN opencores/i2c_master_byte_ctrl 1371062451 \
      FL /home/nuno/repos/pdp/grlib-gpl-1.1.0-b4104/lib/opencores/i2c/i2c_master_byte_ctrl.vhd \
      PB ieee/std_logic_1164 1341906176 LB grlib PB grlib/stdlib 1371062167
AR opencores/i2c_master_byte_ctrl/structural 1371062452 \
      FL /home/nuno/repos/pdp/grlib-gpl-1.1.0-b4104/lib/opencores/i2c/i2c_master_byte_ctrl.vhd \
      EN opencores/i2c_master_byte_ctrl 1371062451 CP i2c_master_bit_ctrl
