PH config NULL /home/nuno/repos/pdp/grlib-gpl-1.1.0-b4104/lib/grlib/stdlib/config.vhd sub00/vhpl01 1371232177
PH version NULL /home/nuno/repos/pdp/grlib-gpl-1.1.0-b4104/lib/grlib/stdlib/version.vhd sub00/vhpl00 1371232176
AR ahbctrl rtl /home/nuno/repos/pdp/grlib-gpl-1.1.0-b4104/lib/grlib/amba/ahbctrl.vhd sub00/vhpl11 1371232187
PB amba amba /home/nuno/repos/pdp/grlib-gpl-1.1.0-b4104/lib/grlib/amba/amba.vhd sub00/vhpl05 1371232181
PH devices NULL /home/nuno/repos/pdp/grlib-gpl-1.1.0-b4104/lib/grlib/amba/devices.vhd sub00/vhpl07 1371232183
EN apbctrl NULL /home/nuno/repos/pdp/grlib-gpl-1.1.0-b4104/lib/grlib/amba/apbctrl.vhd sub00/vhpl08 1371232184
PH stdlib NULL /home/nuno/repos/pdp/grlib-gpl-1.1.0-b4104/lib/grlib/stdlib/stdlib.vhd sub00/vhpl02 1371232178
AR apbctrl rtl /home/nuno/repos/pdp/grlib-gpl-1.1.0-b4104/lib/grlib/amba/apbctrl.vhd sub00/vhpl09 1371232185
PB stdlib stdlib /home/nuno/repos/pdp/grlib-gpl-1.1.0-b4104/lib/grlib/stdlib/stdlib.vhd sub00/vhpl03 1371232179
EN ahbctrl NULL /home/nuno/repos/pdp/grlib-gpl-1.1.0-b4104/lib/grlib/amba/ahbctrl.vhd sub00/vhpl10 1371232186
PH sparc NULL /home/nuno/repos/pdp/grlib-gpl-1.1.0-b4104/lib/grlib/sparc/sparc.vhd sub00/vhpl06 1371232182
PH amba NULL /home/nuno/repos/pdp/grlib-gpl-1.1.0-b4104/lib/grlib/amba/amba.vhd sub00/vhpl04 1371232180
