PH config NULL /home/nuno/repos/pdp/grlib-gpl-1.1.0-b4104/lib/grlib/stdlib/config.vhd sub00/vhpl01 1371129725
PH version NULL /home/nuno/repos/pdp/grlib-gpl-1.1.0-b4104/lib/grlib/stdlib/version.vhd sub00/vhpl00 1371129724
AR ahbctrl rtl /home/nuno/repos/pdp/grlib-gpl-1.1.0-b4104/lib/grlib/amba/ahbctrl.vhd sub00/vhpl11 1371129735
PB amba amba /home/nuno/repos/pdp/grlib-gpl-1.1.0-b4104/lib/grlib/amba/amba.vhd sub00/vhpl05 1371129729
PH devices NULL /home/nuno/repos/pdp/grlib-gpl-1.1.0-b4104/lib/grlib/amba/devices.vhd sub00/vhpl07 1371129731
EN apbctrl NULL /home/nuno/repos/pdp/grlib-gpl-1.1.0-b4104/lib/grlib/amba/apbctrl.vhd sub00/vhpl08 1371129732
PH stdlib NULL /home/nuno/repos/pdp/grlib-gpl-1.1.0-b4104/lib/grlib/stdlib/stdlib.vhd sub00/vhpl02 1371129726
AR apbctrl rtl /home/nuno/repos/pdp/grlib-gpl-1.1.0-b4104/lib/grlib/amba/apbctrl.vhd sub00/vhpl09 1371129733
PB stdlib stdlib /home/nuno/repos/pdp/grlib-gpl-1.1.0-b4104/lib/grlib/stdlib/stdlib.vhd sub00/vhpl03 1371129727
EN ahbctrl NULL /home/nuno/repos/pdp/grlib-gpl-1.1.0-b4104/lib/grlib/amba/ahbctrl.vhd sub00/vhpl10 1371129734
PH sparc NULL /home/nuno/repos/pdp/grlib-gpl-1.1.0-b4104/lib/grlib/sparc/sparc.vhd sub00/vhpl06 1371129730
PH amba NULL /home/nuno/repos/pdp/grlib-gpl-1.1.0-b4104/lib/grlib/amba/amba.vhd sub00/vhpl04 1371129728
