AR fa rtl /home/nuno/repos/pdp/grlib-gpl-1.1.0-b4104/lib/gaisler/arith/FA.vhd sub00/vhpl21 1371232382
EN ahbjtag NULL /home/nuno/repos/pdp/grlib-gpl-1.1.0-b4104/lib/gaisler/jtag/ahbjtag.vhd sub01/vhpl128 1371232503
AR mfpwx rtl /home/nuno/repos/pdp/grlib-gpl-1.1.0-b4104/lib/gaisler/leon3/mfpwx.vhd sub00/vhpl85 1371232457
EN greth NULL /home/nuno/repos/pdp/grlib-gpl-1.1.0-b4104/lib/gaisler/greth/greth.vhd sub00/vhpl66 1371232438
AR dcom_uart rtl /home/nuno/repos/pdp/grlib-gpl-1.1.0-b4104/lib/gaisler/uart/dcom_uart.vhd sub00/vhpl92 1371232467
EN dcom NULL /home/nuno/repos/pdp/grlib-gpl-1.1.0-b4104/lib/gaisler/uart/dcom.vhd sub00/vhpl93 1371232468
AR svgactrl rtl /home/nuno/repos/pdp/grlib-gpl-1.1.0-b4104/lib/gaisler/misc/svgactrl.vhd sub01/vhpl103 1371232478
PH libdcom NULL /home/nuno/repos/pdp/grlib-gpl-1.1.0-b4104/lib/gaisler/uart/libdcom.vhd sub00/vhpl55 1371232427
EN sdmctrl NULL /home/nuno/repos/pdp/grlib-gpl-1.1.0-b4104/lib/gaisler/memctrl/sdmctrl.vhd sub00/vhpl95 1371232470
PB libmmu libmmu /home/nuno/repos/pdp/grlib-gpl-1.1.0-b4104/lib/gaisler/leon3/libmmu.vhd sub00/vhpl11 1371232368
PH mmuiface NULL /home/nuno/repos/pdp/grlib-gpl-1.1.0-b4104/lib/gaisler/leon3/mmuiface.vhd sub00/vhpl05 1371232362
AR t3to2compressor rtl /home/nuno/repos/pdp/grlib-gpl-1.1.0-b4104/lib/gaisler/arith/t3to2compressor.vhd sub00/vhpl36 1371232403
AR ddrsp64a rtl /home/nuno/repos/pdp/grlib-gpl-1.1.0-b4104/lib/gaisler/ddr/ddrsp64a.vhd sub00/vhpl65 1371232437
AR charrom rtl /home/nuno/repos/pdp/grlib-gpl-1.1.0-b4104/lib/gaisler/misc/charrom.vhd sub00/vhpl90 1371232462
PH arith NULL /home/nuno/repos/pdp/grlib-gpl-1.1.0-b4104/lib/gaisler/arith/arith.vhd sub00/vhpl02 1371232359
AR cpu_disasx behav /home/nuno/repos/pdp/grlib-gpl-1.1.0-b4104/lib/gaisler/leon3/cpu_disasx.vhd sub00/vhpl38 1371232405
AR grgpio rtl /home/nuno/repos/pdp/grlib-gpl-1.1.0-b4104/lib/gaisler/misc/grgpio.vhd sub01/vhpl109 1371232484
AR i2cmst rtl /home/nuno/repos/pdp/grlib-gpl-1.1.0-b4104/lib/gaisler/misc/i2cmst.vhd sub01/vhpl107 1371232482
EN ddrspa NULL /home/nuno/repos/pdp/grlib-gpl-1.1.0-b4104/lib/gaisler/ddr/ddrspa.vhd sub01/vhpl132 1371232507
EN fa NULL /home/nuno/repos/pdp/grlib-gpl-1.1.0-b4104/lib/gaisler/arith/FA.vhd sub00/vhpl20 1371232381
AR grfpwx rtl /home/nuno/repos/pdp/grlib-gpl-1.1.0-b4104/lib/gaisler/leon3/grfpwx.vhd sub00/vhpl83 1371232455
EN mmu_acache NULL /home/nuno/repos/pdp/grlib-gpl-1.1.0-b4104/lib/gaisler/leon3/mmu_acache.vhd sub00/vhpl29 1371232396
PB misc misc /home/nuno/repos/pdp/grlib-gpl-1.1.0-b4104/lib/gaisler/misc/misc.vhd sub00/vhpl24 1371232391
AR proc3 rtl /home/nuno/repos/pdp/grlib-gpl-1.1.0-b4104/lib/gaisler/leon3/proc3.vhd sub00/vhpl79 1371232451
EN ahbuart NULL /home/nuno/repos/pdp/grlib-gpl-1.1.0-b4104/lib/gaisler/uart/ahbuart.vhd sub00/vhpl99 1371232474
PB arith arith /home/nuno/repos/pdp/grlib-gpl-1.1.0-b4104/lib/gaisler/arith/arith.vhd sub00/vhpl03 1371232360
EN gptimer NULL /home/nuno/repos/pdp/grlib-gpl-1.1.0-b4104/lib/gaisler/misc/gptimer.vhd sub01/vhpl112 1371232487
EN ddrsp16a NULL /home/nuno/repos/pdp/grlib-gpl-1.1.0-b4104/lib/gaisler/ddr/ddrsp16a.vhd sub00/vhpl60 1371232432
EN grfpwx NULL /home/nuno/repos/pdp/grlib-gpl-1.1.0-b4104/lib/gaisler/leon3/grfpwx.vhd sub00/vhpl82 1371232454
AR mmu_cache rtl /home/nuno/repos/pdp/grlib-gpl-1.1.0-b4104/lib/gaisler/leon3/mmu_cache.vhd sub00/vhpl54 1371232424
EN mmulru NULL /home/nuno/repos/pdp/grlib-gpl-1.1.0-b4104/lib/gaisler/leon3/mmulru.vhd sub00/vhpl14 1371232371
AR ahbjtag struct /home/nuno/repos/pdp/grlib-gpl-1.1.0-b4104/lib/gaisler/jtag/ahbjtag.vhd sub01/vhpl129 1371232504
EN apbvga NULL /home/nuno/repos/pdp/grlib-gpl-1.1.0-b4104/lib/gaisler/misc/apbvga.vhd sub01/vhpl114 1371232489
EN tbufmem NULL /home/nuno/repos/pdp/grlib-gpl-1.1.0-b4104/lib/gaisler/leon3/tbufmem.vhd sub00/vhpl43 1371232413
PH libjtagcom NULL /home/nuno/repos/pdp/grlib-gpl-1.1.0-b4104/lib/gaisler/jtag/libjtagcom.vhd sub00/vhpl42 1371232412
AR sdmctrl rtl /home/nuno/repos/pdp/grlib-gpl-1.1.0-b4104/lib/gaisler/memctrl/sdmctrl.vhd sub00/vhpl96 1371232471
AR mmu_acache rtl /home/nuno/repos/pdp/grlib-gpl-1.1.0-b4104/lib/gaisler/leon3/mmu_acache.vhd sub00/vhpl30 1371232397
AR ddr2_phy rtl /home/nuno/repos/pdp/grlib-gpl-1.1.0-b4104/lib/gaisler/ddr/ddr_phy.vhd sub00/vhpl59 1371232431
EN mfpwx NULL /home/nuno/repos/pdp/grlib-gpl-1.1.0-b4104/lib/gaisler/leon3/mfpwx.vhd sub00/vhpl84 1371232456
EN ddr2_phy NULL /home/nuno/repos/pdp/grlib-gpl-1.1.0-b4104/lib/gaisler/ddr/ddr_phy.vhd sub00/vhpl58 1371232430
EN qselector NULL /home/nuno/repos/pdp/grlib-gpl-1.1.0-b4104/lib/gaisler/arith/qSelector.vhd sub00/vhpl33 1371232400
EN mmu_cache NULL /home/nuno/repos/pdp/grlib-gpl-1.1.0-b4104/lib/gaisler/leon3/mmu_cache.vhd sub00/vhpl53 1371232423
EN mul32 NULL /home/nuno/repos/pdp/grlib-gpl-1.1.0-b4104/lib/gaisler/arith/mul32.vhd sub00/vhpl49 1371232419
EN gracectrl NULL /home/nuno/repos/pdp/grlib-gpl-1.1.0-b4104/lib/gaisler/misc/gracectrl.vhd sub01/vhpl110 1371232485
EN ddrsp32a NULL /home/nuno/repos/pdp/grlib-gpl-1.1.0-b4104/lib/gaisler/ddr/ddrsp32a.vhd sub00/vhpl62 1371232434
AR apbvga rtl /home/nuno/repos/pdp/grlib-gpl-1.1.0-b4104/lib/gaisler/misc/apbvga.vhd sub01/vhpl115 1371232490
AR gracectrl rtl /home/nuno/repos/pdp/grlib-gpl-1.1.0-b4104/lib/gaisler/misc/gracectrl.vhd sub01/vhpl111 1371232486
EN mmutw NULL /home/nuno/repos/pdp/grlib-gpl-1.1.0-b4104/lib/gaisler/leon3/mmutw.vhd sub00/vhpl18 1371232379
AR ahbuart struct /home/nuno/repos/pdp/grlib-gpl-1.1.0-b4104/lib/gaisler/uart/ahbuart.vhd sub01/vhpl100 1371232475
PB libcache libcache /home/nuno/repos/pdp/grlib-gpl-1.1.0-b4104/lib/gaisler/leon3/libcache.vhd sub00/vhpl07 1371232364
AR dsu3x rtl /home/nuno/repos/pdp/grlib-gpl-1.1.0-b4104/lib/gaisler/leon3/dsu3x.vhd sub00/vhpl76 1371232448
EN dsu3x NULL /home/nuno/repos/pdp/grlib-gpl-1.1.0-b4104/lib/gaisler/leon3/dsu3x.vhd sub00/vhpl75 1371232447
AR mmutlbcam rtl /home/nuno/repos/pdp/grlib-gpl-1.1.0-b4104/lib/gaisler/leon3/mmutlbcam.vhd sub00/vhpl13 1371232370
AR dsu3 rtl /home/nuno/repos/pdp/grlib-gpl-1.1.0-b4104/lib/gaisler/leon3/dsu3.vhd sub01/vhpl127 1371232502
EN grgpio NULL /home/nuno/repos/pdp/grlib-gpl-1.1.0-b4104/lib/gaisler/misc/grgpio.vhd sub01/vhpl108 1371232483
PH net NULL /home/nuno/repos/pdp/grlib-gpl-1.1.0-b4104/lib/gaisler/net/net.vhd sub00/vhpl22 1371232389
AR jtagcom rtl /home/nuno/repos/pdp/grlib-gpl-1.1.0-b4104/lib/gaisler/jtag/jtagcom.vhd sub00/vhpl74 1371232446
PH memctrl NULL /home/nuno/repos/pdp/grlib-gpl-1.1.0-b4104/lib/gaisler/memctrl/memctrl.vhd sub00/vhpl40 1371232407
AR ahbram rtl /home/nuno/repos/pdp/grlib-gpl-1.1.0-b4104/lib/gaisler/misc/ahbram.vhd sub01/vhpl121 1371232496
EN apbps2 NULL /home/nuno/repos/pdp/grlib-gpl-1.1.0-b4104/lib/gaisler/misc/apbps2.vhd sub01/vhpl116 1371232491
PH libcache NULL /home/nuno/repos/pdp/grlib-gpl-1.1.0-b4104/lib/gaisler/leon3/libcache.vhd sub00/vhpl06 1371232363
EN mmulrue NULL /home/nuno/repos/pdp/grlib-gpl-1.1.0-b4104/lib/gaisler/leon3/mmulrue.vhd sub00/vhpl08 1371232365
AR mmutw rtl /home/nuno/repos/pdp/grlib-gpl-1.1.0-b4104/lib/gaisler/leon3/mmutw.vhd sub00/vhpl19 1371232380
EN mmu NULL /home/nuno/repos/pdp/grlib-gpl-1.1.0-b4104/lib/gaisler/leon3/mmu.vhd sub00/vhpl31 1371232398
EN ddr_phy NULL /home/nuno/repos/pdp/grlib-gpl-1.1.0-b4104/lib/gaisler/ddr/ddr_phy.vhd sub00/vhpl56 1371232428
EN ahbmst NULL /home/nuno/repos/pdp/grlib-gpl-1.1.0-b4104/lib/gaisler/misc/ahbmst.vhd sub00/vhpl71 1371232443
AR iu3 rtl /home/nuno/repos/pdp/grlib-gpl-1.1.0-b4104/lib/gaisler/leon3/iu3.vhd sub00/vhpl46 1371232416
AR ahbstat rtl /home/nuno/repos/pdp/grlib-gpl-1.1.0-b4104/lib/gaisler/misc/ahbstat.vhd sub01/vhpl119 1371232494
PH mypackage NULL /home/nuno/repos/pdp/grlib-gpl-1.1.0-b4104/lib/gaisler/arith/mul32.vhd sub00/vhpl47 1371232417
AR mmu rtl /home/nuno/repos/pdp/grlib-gpl-1.1.0-b4104/lib/gaisler/leon3/mmu.vhd sub00/vhpl32 1371232399
EN grlfpwx NULL /home/nuno/repos/pdp/grlib-gpl-1.1.0-b4104/lib/gaisler/leon3/grlfpwx.vhd sub00/vhpl86 1371232458
AR mmutlb rtl /home/nuno/repos/pdp/grlib-gpl-1.1.0-b4104/lib/gaisler/leon3/mmutlb.vhd sub00/vhpl17 1371232378
EN grethm NULL /home/nuno/repos/pdp/grlib-gpl-1.1.0-b4104/lib/gaisler/greth/grethm.vhd sub01/vhpl130 1371232505
AR mmulru rtl /home/nuno/repos/pdp/grlib-gpl-1.1.0-b4104/lib/gaisler/leon3/mmulru.vhd sub00/vhpl15 1371232372
EN cpu_disasx NULL /home/nuno/repos/pdp/grlib-gpl-1.1.0-b4104/lib/gaisler/leon3/cpu_disasx.vhd sub00/vhpl37 1371232404
PH leon3 NULL /home/nuno/repos/pdp/grlib-gpl-1.1.0-b4104/lib/gaisler/leon3/leon3.vhd sub00/vhpl01 1371232358
EN t3to2compressor NULL /home/nuno/repos/pdp/grlib-gpl-1.1.0-b4104/lib/gaisler/arith/t3to2compressor.vhd sub00/vhpl35 1371232402
AR gptimer rtl /home/nuno/repos/pdp/grlib-gpl-1.1.0-b4104/lib/gaisler/misc/gptimer.vhd sub01/vhpl113 1371232488
AR ddrsp16a rtl /home/nuno/repos/pdp/grlib-gpl-1.1.0-b4104/lib/gaisler/ddr/ddrsp16a.vhd sub00/vhpl61 1371232433
EN mmu_icache NULL /home/nuno/repos/pdp/grlib-gpl-1.1.0-b4104/lib/gaisler/leon3/mmu_icache.vhd sub00/vhpl25 1371232392
AR apbps2 rtl /home/nuno/repos/pdp/grlib-gpl-1.1.0-b4104/lib/gaisler/misc/apbps2.vhd sub01/vhpl117 1371232492
PH misc NULL /home/nuno/repos/pdp/grlib-gpl-1.1.0-b4104/lib/gaisler/misc/misc.vhd sub00/vhpl23 1371232390
AR grethm rtl /home/nuno/repos/pdp/grlib-gpl-1.1.0-b4104/lib/gaisler/greth/grethm.vhd sub01/vhpl131 1371232506
EN dcom_uart NULL /home/nuno/repos/pdp/grlib-gpl-1.1.0-b4104/lib/gaisler/uart/dcom_uart.vhd sub00/vhpl91 1371232466
AR mmu_dcache rtl /home/nuno/repos/pdp/grlib-gpl-1.1.0-b4104/lib/gaisler/leon3/mmu_dcache.vhd sub00/vhpl28 1371232395
EN ahbram NULL /home/nuno/repos/pdp/grlib-gpl-1.1.0-b4104/lib/gaisler/misc/ahbram.vhd sub01/vhpl120 1371232495
AR leon3s rtl /home/nuno/repos/pdp/grlib-gpl-1.1.0-b4104/lib/gaisler/leon3/leon3s.vhd sub01/vhpl123 1371232498
EN div32 NULL /home/nuno/repos/pdp/grlib-gpl-1.1.0-b4104/lib/gaisler/arith/div32.vhd sub00/vhpl51 1371232421
EN apbuart NULL /home/nuno/repos/pdp/grlib-gpl-1.1.0-b4104/lib/gaisler/uart/apbuart.vhd sub00/vhpl97 1371232472
AR cachemem rtl /home/nuno/repos/pdp/grlib-gpl-1.1.0-b4104/lib/gaisler/leon3/cachemem.vhd sub00/vhpl81 1371232453
AR qselector rtl /home/nuno/repos/pdp/grlib-gpl-1.1.0-b4104/lib/gaisler/arith/qSelector.vhd sub00/vhpl34 1371232401
EN mmu_dcache NULL /home/nuno/repos/pdp/grlib-gpl-1.1.0-b4104/lib/gaisler/leon3/mmu_dcache.vhd sub00/vhpl27 1371232394
PH jtag NULL /home/nuno/repos/pdp/grlib-gpl-1.1.0-b4104/lib/gaisler/jtag/jtag.vhd sub00/vhpl70 1371232442
EN proc3 NULL /home/nuno/repos/pdp/grlib-gpl-1.1.0-b4104/lib/gaisler/leon3/proc3.vhd sub00/vhpl78 1371232450
AR div32 rtl /home/nuno/repos/pdp/grlib-gpl-1.1.0-b4104/lib/gaisler/arith/div32.vhd sub00/vhpl52 1371232422
AR apbuart rtl /home/nuno/repos/pdp/grlib-gpl-1.1.0-b4104/lib/gaisler/uart/apbuart.vhd sub00/vhpl98 1371232473
PH mmuconfig NULL /home/nuno/repos/pdp/grlib-gpl-1.1.0-b4104/lib/gaisler/leon3/mmuconfig.vhd sub00/vhpl00 1371232357
AR rstgen rtl /home/nuno/repos/pdp/grlib-gpl-1.1.0-b4104/lib/gaisler/misc/rstgen.vhd sub01/vhpl105 1371232480
EN greth_gbit NULL /home/nuno/repos/pdp/grlib-gpl-1.1.0-b4104/lib/gaisler/greth/greth_gbit.vhd sub00/vhpl68 1371232440
PH libmmu NULL /home/nuno/repos/pdp/grlib-gpl-1.1.0-b4104/lib/gaisler/leon3/libmmu.vhd sub00/vhpl10 1371232367
AR ddrspa rtl /home/nuno/repos/pdp/grlib-gpl-1.1.0-b4104/lib/gaisler/ddr/ddrspa.vhd sub01/vhpl133 1371232508
PH libiu NULL /home/nuno/repos/pdp/grlib-gpl-1.1.0-b4104/lib/gaisler/leon3/libiu.vhd sub00/vhpl04 1371232361
EN ddrsp64a NULL /home/nuno/repos/pdp/grlib-gpl-1.1.0-b4104/lib/gaisler/ddr/ddrsp64a.vhd sub00/vhpl64 1371232436
AR mmu_icache rtl /home/nuno/repos/pdp/grlib-gpl-1.1.0-b4104/lib/gaisler/leon3/mmu_icache.vhd sub00/vhpl26 1371232393
PH libproc3 NULL /home/nuno/repos/pdp/grlib-gpl-1.1.0-b4104/lib/gaisler/leon3/libproc3.vhd sub00/vhpl77 1371232449
PH spacewire NULL /home/nuno/repos/pdp/grlib-gpl-1.1.0-b4104/lib/gaisler/spacewire/spacewire.vhd sub01/vhpl101 1371232476
AR irqmp rtl /home/nuno/repos/pdp/grlib-gpl-1.1.0-b4104/lib/gaisler/leon3/irqmp.vhd sub01/vhpl125 1371232500
EN svgactrl NULL /home/nuno/repos/pdp/grlib-gpl-1.1.0-b4104/lib/gaisler/misc/svgactrl.vhd sub01/vhpl102 1371232477
AR greth rtl /home/nuno/repos/pdp/grlib-gpl-1.1.0-b4104/lib/gaisler/greth/greth.vhd sub00/vhpl67 1371232439
AR tbufmem rtl /home/nuno/repos/pdp/grlib-gpl-1.1.0-b4104/lib/gaisler/leon3/tbufmem.vhd sub00/vhpl44 1371232414
AR ddrsp32a rtl /home/nuno/repos/pdp/grlib-gpl-1.1.0-b4104/lib/gaisler/ddr/ddrsp32a.vhd sub00/vhpl63 1371232435
AR ddr_phy rtl /home/nuno/repos/pdp/grlib-gpl-1.1.0-b4104/lib/gaisler/ddr/ddr_phy.vhd sub00/vhpl57 1371232429
AR ahbmst rtl /home/nuno/repos/pdp/grlib-gpl-1.1.0-b4104/lib/gaisler/misc/ahbmst.vhd sub00/vhpl72 1371232444
EN leon3s NULL /home/nuno/repos/pdp/grlib-gpl-1.1.0-b4104/lib/gaisler/leon3/leon3s.vhd sub01/vhpl122 1371232497
EN i2cmst NULL /home/nuno/repos/pdp/grlib-gpl-1.1.0-b4104/lib/gaisler/misc/i2cmst.vhd sub01/vhpl106 1371232481
AR mmulrue rtl /home/nuno/repos/pdp/grlib-gpl-1.1.0-b4104/lib/gaisler/leon3/mmulrue.vhd sub00/vhpl09 1371232366
AR greth_gbit rtl /home/nuno/repos/pdp/grlib-gpl-1.1.0-b4104/lib/gaisler/greth/greth_gbit.vhd sub00/vhpl69 1371232441
PH ethernet_mac NULL /home/nuno/repos/pdp/grlib-gpl-1.1.0-b4104/lib/gaisler/greth/ethernet_mac.vhd sub00/vhpl41 1371232408
PH uart NULL /home/nuno/repos/pdp/grlib-gpl-1.1.0-b4104/lib/gaisler/uart/uart.vhd sub00/vhpl39 1371232406
EN ahbstat NULL /home/nuno/repos/pdp/grlib-gpl-1.1.0-b4104/lib/gaisler/misc/ahbstat.vhd sub01/vhpl118 1371232493
EN iu3 NULL /home/nuno/repos/pdp/grlib-gpl-1.1.0-b4104/lib/gaisler/leon3/iu3.vhd sub00/vhpl45 1371232415
EN irqmp NULL /home/nuno/repos/pdp/grlib-gpl-1.1.0-b4104/lib/gaisler/leon3/irqmp.vhd sub01/vhpl124 1371232499
EN rstgen NULL /home/nuno/repos/pdp/grlib-gpl-1.1.0-b4104/lib/gaisler/misc/rstgen.vhd sub01/vhpl104 1371232479
EN jtagcom NULL /home/nuno/repos/pdp/grlib-gpl-1.1.0-b4104/lib/gaisler/jtag/jtagcom.vhd sub00/vhpl73 1371232445
EN cachemem NULL /home/nuno/repos/pdp/grlib-gpl-1.1.0-b4104/lib/gaisler/leon3/cachemem.vhd sub00/vhpl80 1371232452
AR mul32 behavioral /home/nuno/repos/pdp/grlib-gpl-1.1.0-b4104/lib/gaisler/arith/mul32.vhd sub00/vhpl50 1371232420
PH charrom_package NULL /home/nuno/repos/pdp/grlib-gpl-1.1.0-b4104/lib/gaisler/misc/charrom_package.vhd sub00/vhpl88 1371232460
EN mmutlbcam NULL /home/nuno/repos/pdp/grlib-gpl-1.1.0-b4104/lib/gaisler/leon3/mmutlbcam.vhd sub00/vhpl12 1371232369
EN dsu3 NULL /home/nuno/repos/pdp/grlib-gpl-1.1.0-b4104/lib/gaisler/leon3/dsu3.vhd sub01/vhpl126 1371232501
AR dcom struct /home/nuno/repos/pdp/grlib-gpl-1.1.0-b4104/lib/gaisler/uart/dcom.vhd sub00/vhpl94 1371232469
PB mypackage mypackage /home/nuno/repos/pdp/grlib-gpl-1.1.0-b4104/lib/gaisler/arith/mul32.vhd sub00/vhpl48 1371232418
AR grlfpwx rtl /home/nuno/repos/pdp/grlib-gpl-1.1.0-b4104/lib/gaisler/leon3/grlfpwx.vhd sub00/vhpl87 1371232459
EN mmutlb NULL /home/nuno/repos/pdp/grlib-gpl-1.1.0-b4104/lib/gaisler/leon3/mmutlb.vhd sub00/vhpl16 1371232377
EN charrom NULL /home/nuno/repos/pdp/grlib-gpl-1.1.0-b4104/lib/gaisler/misc/charrom.vhd sub00/vhpl89 1371232461
