EN ahbrom NULL /home/nuno/repos/pdp/grlib-gpl-1.1.0-b4104/designs/leon3-xilinx-ml410/ahbrom.vhd sub00/vhpl01 1373565396
PH config NULL /home/nuno/repos/pdp/grlib-gpl-1.1.0-b4104/designs/leon3-xilinx-ml410/config.vhd sub00/vhpl00 1373565395
AR ahbrom rtl /home/nuno/repos/pdp/grlib-gpl-1.1.0-b4104/designs/leon3-xilinx-ml410/ahbrom.vhd sub00/vhpl02 1373565397
EN leon3mp NULL /home/nuno/repos/pdp/grlib-gpl-1.1.0-b4104/designs/leon3-xilinx-ml410/leon3mp.vhd sub00/vhpl03 1373565398
AR leon3mp rtl /home/nuno/repos/pdp/grlib-gpl-1.1.0-b4104/designs/leon3-xilinx-ml410/leon3mp.vhd sub00/vhpl04 1373565399
